Archive member included to satisfy reference by file (symbol)

d:/st/stm32cubeide_1.11.2/stm32cubeide/plugins/com.st.stm32cube.ide.mcu.externaltools.gnu-tools-for-stm32.10.3-2021.10.win32_1.0.100.202210260954/tools/bin/../lib/gcc/arm-none-eabi/10.3.1/../../../../arm-none-eabi/lib/thumb/v7e-m+fp/hard\libc_nano.a(lib_a-errno.o)
                              ./Core/Src/syscalls.o (__errno)
d:/st/stm32cubeide_1.11.2/stm32cubeide/plugins/com.st.stm32cube.ide.mcu.externaltools.gnu-tools-for-stm32.10.3-2021.10.win32_1.0.100.202210260954/tools/bin/../lib/gcc/arm-none-eabi/10.3.1/../../../../arm-none-eabi/lib/thumb/v7e-m+fp/hard\libc_nano.a(lib_a-exit.o)
                              d:/st/stm32cubeide_1.11.2/stm32cubeide/plugins/com.st.stm32cube.ide.mcu.externaltools.gnu-tools-for-stm32.10.3-2021.10.win32_1.0.100.202210260954/tools/bin/../lib/gcc/arm-none-eabi/10.3.1/../../../../arm-none-eabi/lib/thumb/v7e-m+fp/hard/crt0.o (exit)
d:/st/stm32cubeide_1.11.2/stm32cubeide/plugins/com.st.stm32cube.ide.mcu.externaltools.gnu-tools-for-stm32.10.3-2021.10.win32_1.0.100.202210260954/tools/bin/../lib/gcc/arm-none-eabi/10.3.1/../../../../arm-none-eabi/lib/thumb/v7e-m+fp/hard\libc_nano.a(lib_a-impure.o)
                              d:/st/stm32cubeide_1.11.2/stm32cubeide/plugins/com.st.stm32cube.ide.mcu.externaltools.gnu-tools-for-stm32.10.3-2021.10.win32_1.0.100.202210260954/tools/bin/../lib/gcc/arm-none-eabi/10.3.1/../../../../arm-none-eabi/lib/thumb/v7e-m+fp/hard\libc_nano.a(lib_a-exit.o) (_global_impure_ptr)
d:/st/stm32cubeide_1.11.2/stm32cubeide/plugins/com.st.stm32cube.ide.mcu.externaltools.gnu-tools-for-stm32.10.3-2021.10.win32_1.0.100.202210260954/tools/bin/../lib/gcc/arm-none-eabi/10.3.1/../../../../arm-none-eabi/lib/thumb/v7e-m+fp/hard\libc_nano.a(lib_a-init.o)
                              d:/st/stm32cubeide_1.11.2/stm32cubeide/plugins/com.st.stm32cube.ide.mcu.externaltools.gnu-tools-for-stm32.10.3-2021.10.win32_1.0.100.202210260954/tools/bin/../lib/gcc/arm-none-eabi/10.3.1/../../../../arm-none-eabi/lib/thumb/v7e-m+fp/hard/crt0.o (__libc_init_array)
d:/st/stm32cubeide_1.11.2/stm32cubeide/plugins/com.st.stm32cube.ide.mcu.externaltools.gnu-tools-for-stm32.10.3-2021.10.win32_1.0.100.202210260954/tools/bin/../lib/gcc/arm-none-eabi/10.3.1/../../../../arm-none-eabi/lib/thumb/v7e-m+fp/hard\libc_nano.a(lib_a-memcpy-stub.o)
                              ./Middlewares/Third_Party/FreeRTOS/Source/CMSIS_RTOS_V2/cmsis_os2.o (memcpy)
d:/st/stm32cubeide_1.11.2/stm32cubeide/plugins/com.st.stm32cube.ide.mcu.externaltools.gnu-tools-for-stm32.10.3-2021.10.win32_1.0.100.202210260954/tools/bin/../lib/gcc/arm-none-eabi/10.3.1/../../../../arm-none-eabi/lib/thumb/v7e-m+fp/hard\libc_nano.a(lib_a-memset.o)
                              d:/st/stm32cubeide_1.11.2/stm32cubeide/plugins/com.st.stm32cube.ide.mcu.externaltools.gnu-tools-for-stm32.10.3-2021.10.win32_1.0.100.202210260954/tools/bin/../lib/gcc/arm-none-eabi/10.3.1/../../../../arm-none-eabi/lib/thumb/v7e-m+fp/hard/crt0.o (memset)
d:/st/stm32cubeide_1.11.2/stm32cubeide/plugins/com.st.stm32cube.ide.mcu.externaltools.gnu-tools-for-stm32.10.3-2021.10.win32_1.0.100.202210260954/tools/bin/../lib/gcc/arm-none-eabi/10.3.1/thumb/v7e-m+fp/hard\libgcc.a(_arm_addsubdf3.o)
                              ./Application/Inc/servo_motor.o (__aeabi_i2d)
d:/st/stm32cubeide_1.11.2/stm32cubeide/plugins/com.st.stm32cube.ide.mcu.externaltools.gnu-tools-for-stm32.10.3-2021.10.win32_1.0.100.202210260954/tools/bin/../lib/gcc/arm-none-eabi/10.3.1/thumb/v7e-m+fp/hard\libgcc.a(_arm_muldivdf3.o)
                              ./Application/Inc/servo_motor.o (__aeabi_ddiv)
d:/st/stm32cubeide_1.11.2/stm32cubeide/plugins/com.st.stm32cube.ide.mcu.externaltools.gnu-tools-for-stm32.10.3-2021.10.win32_1.0.100.202210260954/tools/bin/../lib/gcc/arm-none-eabi/10.3.1/thumb/v7e-m+fp/hard\libgcc.a(_arm_fixdfsi.o)
                              ./Application/Inc/servo_motor.o (__aeabi_d2iz)
d:/st/stm32cubeide_1.11.2/stm32cubeide/plugins/com.st.stm32cube.ide.mcu.externaltools.gnu-tools-for-stm32.10.3-2021.10.win32_1.0.100.202210260954/tools/bin/../lib/gcc/arm-none-eabi/10.3.1/thumb/v7e-m+fp/hard\libgcc.a(_aeabi_uldivmod.o)
                              ./Drivers/STM32F4xx_HAL_Driver/Src/stm32f4xx_hal_rcc.o (__aeabi_uldivmod)
d:/st/stm32cubeide_1.11.2/stm32cubeide/plugins/com.st.stm32cube.ide.mcu.externaltools.gnu-tools-for-stm32.10.3-2021.10.win32_1.0.100.202210260954/tools/bin/../lib/gcc/arm-none-eabi/10.3.1/thumb/v7e-m+fp/hard\libgcc.a(_udivmoddi4.o)
                              d:/st/stm32cubeide_1.11.2/stm32cubeide/plugins/com.st.stm32cube.ide.mcu.externaltools.gnu-tools-for-stm32.10.3-2021.10.win32_1.0.100.202210260954/tools/bin/../lib/gcc/arm-none-eabi/10.3.1/thumb/v7e-m+fp/hard\libgcc.a(_aeabi_uldivmod.o) (__udivmoddi4)
[...]
Memory Configuration

Name             Origin             Length             Attributes
RAM              0x0000000020000000 0x0000000000020000 xrw
FLASH            0x0000000008000000 0x0000000000080000 xr
*default*        0x0000000000000000 0xffffffffffffffff

Linker script and memory map

LOAD d:/st/stm32cubeide_1.11.2/stm32cubeide/plugins/com.st.stm32cube.ide.mcu.externaltools.gnu-tools-for-stm32.10.3-2021.10.win32_1.0.100.202210260954/tools/bin/../lib/gcc/arm-none-eabi/10.3.1/thumb/v7e-m+fp/hard/crti.o
LOAD d:/st/stm32cubeide_1.11.2/stm32cubeide/plugins/com.st.stm32cube.ide.mcu.externaltools.gnu-tools-for-stm32.10.3-2021.10.win32_1.0.100.202210260954/tools/bin/../lib/gcc/arm-none-eabi/10.3.1/thumb/v7e-m+fp/hard/crtbegin.o
LOAD d:/st/stm32cubeide_1.11.2/stm32cubeide/plugins/com.st.stm32cube.ide.mcu.externaltools.gnu-tools-for-stm32.10.3-2021.10.win32_1.0.100.202210260954/tools/bin/../lib/gcc/arm-none-eabi/10.3.1/../../../../arm-none-eabi/lib/thumb/v7e-m+fp/hard/crt0.o
LOAD ./Application/Inc/servo_motor.o
LOAD ./Application/Inc/step_motor.o
LOAD ./Core/Src/dma.o
LOAD ./Core/Src/freertos.o
LOAD ./Core/Src/gpio.o
LOAD ./Core/Src/main.o
LOAD ./Core/Src/stm32f4xx_hal_msp.o
LOAD ./Core/Src/stm32f4xx_hal_timebase_tim.o
LOAD ./Core/Src/stm32f4xx_it.o
LOAD ./Core/Src/syscalls.o
LOAD ./Core/Src/sysmem.o
LOAD ./Core/Src/system_stm32f4xx.o
LOAD ./Core/Src/tim.o
LOAD ./Core/Src/usart.o
LOAD ./Core/Src/usb_otg.o
LOAD ./Core/Startup/startup_stm32f411retx.o
LOAD ./Drivers/STM32F4xx_HAL_Driver/Src/stm32f4xx_hal.o
LOAD ./Drivers/STM32F4xx_HAL_Driver/Src/stm32f4xx_hal_cortex.o
LOAD ./Drivers/STM32F4xx_HAL_Driver/Src/stm32f4xx_hal_dma.o
LOAD ./Drivers/STM32F4xx_HAL_Driver/Src/stm32f4xx_hal_dma_ex.o
LOAD ./Drivers/STM32F4xx_HAL_Driver/Src/stm32f4xx_hal_exti.o
LOAD ./Drivers/STM32F4xx_HAL_Driver/Src/stm32f4xx_hal_flash.o
LOAD ./Drivers/STM32F4xx_HAL_Driver/Src/stm32f4xx_hal_flash_ex.o
LOAD ./Drivers/STM32F4xx_HAL_Driver/Src/stm32f4xx_hal_flash_ramfunc.o
LOAD ./Drivers/STM32F4xx_HAL_Driver/Src/stm32f4xx_hal_gpio.o
LOAD ./Drivers/STM32F4xx_HAL_Driver/Src/stm32f4xx_hal_pcd.o
LOAD ./Drivers/STM32F4xx_HAL_Driver/Src/stm32f4xx_hal_pcd_ex.o
LOAD ./Drivers/STM32F4xx_HAL_Driver/Src/stm32f4xx_hal_pwr.o
LOAD ./Drivers/STM32F4xx_HAL_Driver/Src/stm32f4xx_hal_pwr_ex.o
LOAD ./Drivers/STM32F4xx_HAL_Driver/Src/stm32f4xx_hal_rcc.o
LOAD ./Drivers/STM32F4xx_HAL_Driver/Src/stm32f4xx_hal_rcc_ex.o
LOAD ./Drivers/STM32F4xx_HAL_Driver/Src/stm32f4xx_hal_tim.o
LOAD ./Drivers/STM32F4xx_HAL_Driver/Src/stm32f4xx_hal_tim_ex.o
LOAD ./Drivers/STM32F4xx_HAL_Driver/Src/stm32f4xx_hal_uart.o
LOAD ./Drivers/STM32F4xx_HAL_Driver/Src/stm32f4xx_ll_usb.o
LOAD ./Middlewares/Third_Party/FreeRTOS/Source/CMSIS_RTOS_V2/cmsis_os2.o
LOAD ./Middlewares/Third_Party/FreeRTOS/Source/croutine.o
LOAD ./Middlewares/Third_Party/FreeRTOS/Source/event_groups.o
LOAD ./Middlewares/Third_Party/FreeRTOS/Source/list.o
LOAD ./Middlewares/Third_Party/FreeRTOS/Source/queue.o
LOAD ./Middlewares/Third_Party/FreeRTOS/Source/stream_buffer.o
LOAD ./Middlewares/Third_Party/FreeRTOS/Source/tasks.o
LOAD ./Middlewares/Third_Party/FreeRTOS/Source/timers.o
LOAD ./Middlewares/Third_Party/FreeRTOS/Source/portable/GCC/ARM_CM4F/port.o
LOAD ./Middlewares/Third_Party/FreeRTOS/Source/portable/MemMang/heap_4.o
START GROUP
LOAD d:/st/stm32cubeide_1.11.2/stm32cubeide/plugins/com.st.stm32cube.ide.mcu.externaltools.gnu-tools-for-stm32.10.3-2021.10.win32_1.0.100.202210260954/tools/bin/../lib/gcc/arm-none-eabi/10.3.1/../../../../arm-none-eabi/lib/thumb/v7e-m+fp/hard\libc_nano.a
LOAD d:/st/stm32cubeide_1.11.2/stm32cubeide/plugins/com.st.stm32cube.ide.mcu.externaltools.gnu-tools-for-stm32.10.3-2021.10.win32_1.0.100.202210260954/tools/bin/../lib/gcc/arm-none-eabi/10.3.1/../../../../arm-none-eabi/lib/thumb/v7e-m+fp/hard\libm.a
END GROUP
START GROUP
LOAD d:/st/stm32cubeide_1.11.2/stm32cubeide/plugins/com.st.stm32cube.ide.mcu.externaltools.gnu-tools-for-stm32.10.3-2021.10.win32_1.0.100.202210260954/tools/bin/../lib/gcc/arm-none-eabi/10.3.1/thumb/v7e-m+fp/hard\libgcc.a
LOAD d:/st/stm32cubeide_1.11.2/stm32cubeide/plugins/com.st.stm32cube.ide.mcu.externaltools.gnu-tools-for-stm32.10.3-2021.10.win32_1.0.100.202210260954/tools/bin/../lib/gcc/arm-none-eabi/10.3.1/../../../../arm-none-eabi/lib/thumb/v7e-m+fp/hard\libc_nano.a
END GROUP
START GROUP
LOAD d:/st/stm32cubeide_1.11.2/stm32cubeide/plugins/com.st.stm32cube.ide.mcu.externaltools.gnu-tools-for-stm32.10.3-2021.10.win32_1.0.100.202210260954/tools/bin/../lib/gcc/arm-none-eabi/10.3.1/thumb/v7e-m+fp/hard\libgcc.a
LOAD d:/st/stm32cubeide_1.11.2/stm32cubeide/plugins/com.st.stm32cube.ide.mcu.externaltools.gnu-tools-for-stm32.10.3-2021.10.win32_1.0.100.202210260954/tools/bin/../lib/gcc/arm-none-eabi/10.3.1/../../../../arm-none-eabi/lib/thumb/v7e-m+fp/hard\libc_nano.a
LOAD d:/st/stm32cubeide_1.11.2/stm32cubeide/plugins/com.st.stm32cube.ide.mcu.externaltools.gnu-tools-for-stm32.10.3-2021.10.win32_1.0.100.202210260954/tools/bin/../lib/gcc/arm-none-eabi/10.3.1/../../../../arm-none-eabi/lib/thumb/v7e-m+fp/hard\libnosys.a
END GROUP
START GROUP
LOAD d:/st/stm32cubeide_1.11.2/stm32cubeide/plugins/com.st.stm32cube.ide.mcu.externaltools.gnu-tools-for-stm32.10.3-2021.10.win32_1.0.100.202210260954/tools/bin/../lib/gcc/arm-none-eabi/10.3.1/thumb/v7e-m+fp/hard\libgcc.a
LOAD d:/st/stm32cubeide_1.11.2/stm32cubeide/plugins/com.st.stm32cube.ide.mcu.externaltools.gnu-tools-for-stm32.10.3-2021.10.win32_1.0.100.202210260954/tools/bin/../lib/gcc/arm-none-eabi/10.3.1/../../../../arm-none-eabi/lib/thumb/v7e-m+fp/hard\libc_nano.a
LOAD d:/st/stm32cubeide_1.11.2/stm32cubeide/plugins/com.st.stm32cube.ide.mcu.externaltools.gnu-tools-for-stm32.10.3-2021.10.win32_1.0.100.202210260954/tools/bin/../lib/gcc/arm-none-eabi/10.3.1/../../../../arm-none-eabi/lib/thumb/v7e-m+fp/hard\libnosys.a
END GROUP
LOAD d:/st/stm32cubeide_1.11.2/stm32cubeide/plugins/com.st.stm32cube.ide.mcu.externaltools.gnu-tools-for-stm32.10.3-2021.10.win32_1.0.100.202210260954/tools/bin/../lib/gcc/arm-none-eabi/10.3.1/thumb/v7e-m+fp/hard/crtend.o
LOAD d:/st/stm32cubeide_1.11.2/stm32cubeide/plugins/com.st.stm32cube.ide.mcu.externaltools.gnu-tools-for-stm32.10.3-2021.10.win32_1.0.100.202210260954/tools/bin/../lib/gcc/arm-none-eabi/10.3.1/thumb/v7e-m+fp/hard/crtn.o
                0x0000000020020000                _estack = (ORIGIN (RAM) + LENGTH (RAM))
                0x0000000000000200                _Min_Heap_Size = 0x200
                0x0000000000000400                _Min_Stack_Size = 0x400

.isr_vector     0x0000000008000000      0x198
                0x0000000008000000                . = ALIGN (0x4)
 *(.isr_vector)
 .isr_vector    0x0000000008000000      0x198 ./Core/Startup/startup_stm32f411retx.o
                0x0000000008000000                g_pfnVectors
                0x0000000008000198                . = ALIGN (0x4)

.text           0x00000000080001a0     0x8478
                0x00000000080001a0                . = ALIGN (0x4)
 *(.text)
 .text          0x00000000080001a0       0x40 d:/st/stm32cubeide_1.11.2/stm32cubeide/plugins/com.st.stm32cube.ide.mcu.externaltools.gnu-tools-for-stm32.10.3-2021.10.win32_1.0.100.202210260954/tools/bin/../lib/gcc/arm-none-eabi/10.3.1/thumb/v7e-m+fp/hard/crtbegin.o
 .text          0x00000000080001e0      0x378 d:/st/stm32cubeide_1.11.2/stm32cubeide/plugins/com.st.stm32cube.ide.mcu.externaltools.gnu-tools-for-stm32.10.3-2021.10.win32_1.0.100.202210260954/tools/bin/../lib/gcc/arm-none-eabi/10.3.1/thumb/v7e-m+fp/hard\libgcc.a(_arm_addsubdf3.o)
                0x00000000080001e0                __aeabi_drsub
                0x00000000080001e8                __aeabi_dsub
                0x00000000080001e8                __subdf3
                0x00000000080001ec                __aeabi_dadd
                0x00000000080001ec                __adddf3
                0x0000000008000464                __floatunsidf
                0x0000000008000464                __aeabi_ui2d
                0x0000000008000484                __floatsidf
                0x0000000008000484                __aeabi_i2d
                0x00000000080004a8                __aeabi_f2d
                0x00000000080004a8                __extendsfdf2
                0x00000000080004ec                __floatundidf
                0x00000000080004ec                __aeabi_ul2d
                0x00000000080004fc                __floatdidf
                0x00000000080004fc                __aeabi_l2d
 .text          0x0000000008000558      0x424 d:/st/stm32cubeide_1.11.2/stm32cubeide/plugins/com.st.stm32cube.ide.mcu.externaltools.gnu-tools-for-stm32.10.3-2021.10.win32_1.0.100.202210260954/tools/bin/../lib/gcc/arm-none-eabi/10.3.1/thumb/v7e-m+fp/hard\libgcc.a(_arm_muldivdf3.o)
                0x0000000008000558                __aeabi_dmul
                0x0000000008000558                __muldf3
                0x00000000080007ac                __divdf3
                0x00000000080007ac                __aeabi_ddiv
 .text          0x000000000800097c       0x50 d:/st/stm32cubeide_1.11.2/stm32cubeide/plugins/com.st.stm32cube.ide.mcu.externaltools.gnu-tools-for-stm32.10.3-2021.10.win32_1.0.100.202210260954/tools/bin/../lib/gcc/arm-none-eabi/10.3.1/thumb/v7e-m+fp/hard\libgcc.a(_arm_fixdfsi.o)
                0x000000000800097c                __aeabi_d2iz
                0x000000000800097c                __fixdfsi
 .text          0x00000000080009cc       0x30 d:/st/stm32cubeide_1.11.2/stm32cubeide/plugins/com.st.stm32cube.ide.mcu.externaltools.gnu-tools-for-stm32.10.3-2021.10.win32_1.0.100.202210260954/tools/bin/../lib/gcc/arm-none-eabi/10.3.1/thumb/v7e-m+fp/hard\libgcc.a(_aeabi_uldivmod.o)
                0x00000000080009cc                __aeabi_uldivmod
 .text          0x00000000080009fc      0x2d0 d:/st/stm32cubeide_1.11.2/stm32cubeide/plugins/com.st.stm32cube.ide.mcu.externaltools.gnu-tools-for-stm32.10.3-2021.10.win32_1.0.100.202210260954/tools/bin/../lib/gcc/arm-none-eabi/10.3.1/thumb/v7e-m+fp/hard\libgcc.a(_udivmoddi4.o)
                0x00000000080009fc                __udivmoddi4
 .text          0x0000000008000ccc        0x4 d:/st/stm32cubeide_1.11.2/stm32cubeide/plugins/com.st.stm32cube.ide.mcu.externaltools.gnu-tools-for-stm32.10.3-2021.10.win32_1.0.100.202210260954/tools/bin/../lib/gcc/arm-none-eabi/10.3.1/thumb/v7e-m+fp/hard\libgcc.a(_dvmd_tls.o)
                0x0000000008000ccc                __aeabi_idiv0
                0x0000000008000ccc                __aeabi_ldiv0
 *(.text*)
 .text.servo_motor_task
                0x0000000008000cd0       0x24 ./Application/Inc/servo_motor.o
                0x0000000008000cd0                servo_motor_task
 *fill*         0x0000000008000cf4        0x4 
 .text.servo_motor_angleset
                0x0000000008000cf8       0x4c ./Application/Inc/servo_motor.o
                0x0000000008000cf8                servo_motor_angleset
 .text.step_motor_task
                0x0000000008000d44       0x14 ./Application/Inc/step_motor.o
                0x0000000008000d44                step_motor_task
 .text.step_motor_speedset
                0x0000000008000d58      0x184 ./Application/Inc/step_motor.o
                0x0000000008000d58                step_motor_speedset
 .text.MX_DMA_Init
                0x0000000008000edc       0x40 ./Core/Src/dma.o
                0x0000000008000edc                MX_DMA_Init
 .text.MX_FREERTOS_Init
                0x0000000008000f1c       0x5c ./Core/Src/freertos.o
                0x0000000008000f1c                MX_FREERTOS_Init
 .text.StartDefaultTask
                0x0000000008000f78       0x10 ./Core/Src/freertos.o
                0x0000000008000f78                StartDefaultTask
 .text.MX_GPIO_Init
                0x0000000008000f88      0x110 ./Core/Src/gpio.o
                0x0000000008000f88                MX_GPIO_Init
 .text.main     0x0000000008001098       0x48 ./Core/Src/main.o
                0x0000000008001098                main
 .text.SystemClock_Config
                0x00000000080010e0       0xd0 ./Core/Src/main.o
                0x00000000080010e0                SystemClock_Config
 .text.HAL_TIM_PeriodElapsedCallback
                0x00000000080011b0       0x24 ./Core/Src/main.o
                0x00000000080011b0                HAL_TIM_PeriodElapsedCallback
 .text.Error_Handler
                0x00000000080011d4        0xa ./Core/Src/main.o
                0x00000000080011d4                Error_Handler
 *fill*         0x00000000080011de        0x2 
 .text.HAL_MspInit
                0x00000000080011e0       0x58 ./Core/Src/stm32f4xx_hal_msp.o
                0x00000000080011e0                HAL_MspInit
 .text.HAL_InitTick
                0x0000000008001238       0xe4 ./Core/Src/stm32f4xx_hal_timebase_tim.o
                0x0000000008001238                HAL_InitTick
 .text.NMI_Handler
                0x000000000800131c        0x6 ./Core/Src/stm32f4xx_it.o
                0x000000000800131c                NMI_Handler
 .text.HardFault_Handler
                0x0000000008001322        0x6 ./Core/Src/stm32f4xx_it.o
                0x0000000008001322                HardFault_Handler
 .text.MemManage_Handler
                0x0000000008001328        0x6 ./Core/Src/stm32f4xx_it.o
                0x0000000008001328                MemManage_Handler
 .text.BusFault_Handler
                0x000000000800132e        0x6 ./Core/Src/stm32f4xx_it.o
                0x000000000800132e                BusFault_Handler
 .text.UsageFault_Handler
                0x0000000008001334        0x6 ./Core/Src/stm32f4xx_it.o
                0x0000000008001334                UsageFault_Handler
 .text.DebugMon_Handler
                0x000000000800133a        0xe ./Core/Src/stm32f4xx_it.o
                0x000000000800133a                DebugMon_Handler
 .text.DMA1_Stream5_IRQHandler
                0x0000000008001348       0x14 ./Core/Src/stm32f4xx_it.o
                0x0000000008001348                DMA1_Stream5_IRQHandler
 .text.TIM1_UP_TIM10_IRQHandler
                0x000000000800135c       0x14 ./Core/Src/stm32f4xx_it.o
                0x000000000800135c                TIM1_UP_TIM10_IRQHandler
 .text.USART2_IRQHandler
                0x0000000008001370       0x14 ./Core/Src/stm32f4xx_it.o
                0x0000000008001370                USART2_IRQHandler
 .text.SystemInit
                0x0000000008001384       0x24 ./Core/Src/system_stm32f4xx.o
                0x0000000008001384                SystemInit
 .text.MX_TIM2_Init
                0x00000000080013a8       0xec ./Core/Src/tim.o
                0x00000000080013a8                MX_TIM2_Init
 .text.MX_TIM4_Init
                0x0000000008001494       0x9c ./Core/Src/tim.o
                0x0000000008001494                MX_TIM4_Init
 .text.MX_TIM11_Init
                0x0000000008001530       0x48 ./Core/Src/tim.o
                0x0000000008001530                MX_TIM11_Init
 .text.HAL_TIM_Base_MspInit
                0x0000000008001578       0x98 ./Core/Src/tim.o
                0x0000000008001578                HAL_TIM_Base_MspInit
 .text.HAL_TIM_MspPostInit
                0x0000000008001610       0x70 ./Core/Src/tim.o
                0x0000000008001610                HAL_TIM_MspPostInit
 .text.MX_USART2_UART_Init
                0x0000000008001680       0x54 ./Core/Src/usart.o
                0x0000000008001680                MX_USART2_UART_Init
 .text.HAL_UART_MspInit
                0x00000000080016d4      0x104 ./Core/Src/usart.o
                0x00000000080016d4                HAL_UART_MspInit
 .text.MX_USB_OTG_FS_PCD_Init
                0x00000000080017d8       0x5c ./Core/Src/usb_otg.o
                0x00000000080017d8                MX_USB_OTG_FS_PCD_Init
 .text.HAL_PCD_MspInit
                0x0000000008001834       0x98 ./Core/Src/usb_otg.o
                0x0000000008001834                HAL_PCD_MspInit
 .text.Reset_Handler
                0x00000000080018cc       0x50 ./Core/Startup/startup_stm32f411retx.o
                0x00000000080018cc                Reset_Handler
 .text.Default_Handler
                0x000000000800191c        0x2 ./Core/Startup/startup_stm32f411retx.o
                0x000000000800191c                RTC_Alarm_IRQHandler
                0x000000000800191c                EXTI2_IRQHandler
                0x000000000800191c                SPI4_IRQHandler
                0x000000000800191c                TIM1_CC_IRQHandler
                0x000000000800191c                DMA2_Stream5_IRQHandler
                0x000000000800191c                PVD_IRQHandler
                0x000000000800191c                SDIO_IRQHandler
                0x000000000800191c                TAMP_STAMP_IRQHandler
                0x000000000800191c                EXTI3_IRQHandler
                0x000000000800191c                I2C3_ER_IRQHandler
                0x000000000800191c                EXTI0_IRQHandler
                0x000000000800191c                I2C2_EV_IRQHandler
                0x000000000800191c                DMA1_Stream2_IRQHandler
                0x000000000800191c                FPU_IRQHandler
                0x000000000800191c                DMA2_Stream2_IRQHandler
                0x000000000800191c                SPI1_IRQHandler
                0x000000000800191c                TIM1_BRK_TIM9_IRQHandler
                0x000000000800191c                DMA2_Stream3_IRQHandler
                0x000000000800191c                USART6_IRQHandler
                0x000000000800191c                DMA2_Stream0_IRQHandler
                0x000000000800191c                TIM4_IRQHandler
                0x000000000800191c                I2C1_EV_IRQHandler
                0x000000000800191c                DMA1_Stream6_IRQHandler
                0x000000000800191c                DMA1_Stream1_IRQHandler
                0x000000000800191c                TIM3_IRQHandler
                0x000000000800191c                RCC_IRQHandler
                0x000000000800191c                Default_Handler
                0x000000000800191c                EXTI15_10_IRQHandler
                0x000000000800191c                ADC_IRQHandler
                0x000000000800191c                DMA1_Stream7_IRQHandler
                0x000000000800191c                SPI5_IRQHandler
                0x000000000800191c                TIM5_IRQHandler
                0x000000000800191c                DMA2_Stream7_IRQHandler
                0x000000000800191c                I2C3_EV_IRQHandler
                0x000000000800191c                EXTI9_5_IRQHandler
                0x000000000800191c                RTC_WKUP_IRQHandler
                0x000000000800191c                SPI2_IRQHandler
                0x000000000800191c                DMA1_Stream0_IRQHandler
                0x000000000800191c                EXTI4_IRQHandler
                0x000000000800191c                WWDG_IRQHandler
                0x000000000800191c                TIM2_IRQHandler
                0x000000000800191c                OTG_FS_WKUP_IRQHandler
                0x000000000800191c                TIM1_TRG_COM_TIM11_IRQHandler
                0x000000000800191c                EXTI1_IRQHandler
                0x000000000800191c                I2C2_ER_IRQHandler
                0x000000000800191c                DMA2_Stream1_IRQHandler
                0x000000000800191c                FLASH_IRQHandler
                0x000000000800191c                DMA2_Stream4_IRQHandler
                0x000000000800191c                USART1_IRQHandler
                0x000000000800191c                OTG_FS_IRQHandler
                0x000000000800191c                SPI3_IRQHandler
                0x000000000800191c                DMA1_Stream4_IRQHandler
                0x000000000800191c                I2C1_ER_IRQHandler
                0x000000000800191c                DMA2_Stream6_IRQHandler
                0x000000000800191c                DMA1_Stream3_IRQHandler
 *fill*         0x000000000800191e        0x2 
 .text.HAL_Init
                0x0000000008001920       0x44 ./Drivers/STM32F4xx_HAL_Driver/Src/stm32f4xx_hal.o
                0x0000000008001920                HAL_Init
 .text.HAL_IncTick
                0x0000000008001964       0x28 ./Drivers/STM32F4xx_HAL_Driver/Src/stm32f4xx_hal.o
                0x0000000008001964                HAL_IncTick
 .text.HAL_GetTick
                0x000000000800198c       0x18 ./Drivers/STM32F4xx_HAL_Driver/Src/stm32f4xx_hal.o
                0x000000000800198c                HAL_GetTick
 .text.HAL_Delay
                0x00000000080019a4       0x48 ./Drivers/STM32F4xx_HAL_Driver/Src/stm32f4xx_hal.o
                0x00000000080019a4                HAL_Delay
 .text.__NVIC_SetPriorityGrouping
                0x00000000080019ec       0x48 ./Drivers/STM32F4xx_HAL_Driver/Src/stm32f4xx_hal_cortex.o
 .text.__NVIC_GetPriorityGrouping
                0x0000000008001a34       0x1c ./Drivers/STM32F4xx_HAL_Driver/Src/stm32f4xx_hal_cortex.o
 .text.__NVIC_EnableIRQ
                0x0000000008001a50       0x3c ./Drivers/STM32F4xx_HAL_Driver/Src/stm32f4xx_hal_cortex.o
 .text.__NVIC_SetPriority
                0x0000000008001a8c       0x54 ./Drivers/STM32F4xx_HAL_Driver/Src/stm32f4xx_hal_cortex.o
 .text.NVIC_EncodePriority
                0x0000000008001ae0       0x66 ./Drivers/STM32F4xx_HAL_Driver/Src/stm32f4xx_hal_cortex.o
 .text.HAL_NVIC_SetPriorityGrouping
                0x0000000008001b46       0x16 ./Drivers/STM32F4xx_HAL_Driver/Src/stm32f4xx_hal_cortex.o
                0x0000000008001b46                HAL_NVIC_SetPriorityGrouping
 .text.HAL_NVIC_SetPriority
                0x0000000008001b5c       0x38 ./Drivers/STM32F4xx_HAL_Driver/Src/stm32f4xx_hal_cortex.o
                0x0000000008001b5c                HAL_NVIC_SetPriority
 .text.HAL_NVIC_EnableIRQ
                0x0000000008001b94       0x1c ./Drivers/STM32F4xx_HAL_Driver/Src/stm32f4xx_hal_cortex.o
                0x0000000008001b94                HAL_NVIC_EnableIRQ
 .text.HAL_DMA_Init
                0x0000000008001bb0      0x15c ./Drivers/STM32F4xx_HAL_Driver/Src/stm32f4xx_hal_dma.o
                0x0000000008001bb0                HAL_DMA_Init
 .text.HAL_DMA_Start_IT
                0x0000000008001d0c       0xb0 ./Drivers/STM32F4xx_HAL_Driver/Src/stm32f4xx_hal_dma.o
                0x0000000008001d0c                HAL_DMA_Start_IT
 .text.HAL_DMA_Abort
                0x0000000008001dbc       0xe0 ./Drivers/STM32F4xx_HAL_Driver/Src/stm32f4xx_hal_dma.o
                0x0000000008001dbc                HAL_DMA_Abort
 .text.HAL_DMA_Abort_IT
                0x0000000008001e9c       0x44 ./Drivers/STM32F4xx_HAL_Driver/Src/stm32f4xx_hal_dma.o
                0x0000000008001e9c                HAL_DMA_Abort_IT
 .text.HAL_DMA_IRQHandler
                0x0000000008001ee0      0x314 ./Drivers/STM32F4xx_HAL_Driver/Src/stm32f4xx_hal_dma.o
                0x0000000008001ee0                HAL_DMA_IRQHandler
 .text.DMA_SetConfig
                0x00000000080021f4       0x5c ./Drivers/STM32F4xx_HAL_Driver/Src/stm32f4xx_hal_dma.o
 .text.DMA_CalcBaseAndBitshift
                0x0000000008002250       0x6c ./Drivers/STM32F4xx_HAL_Driver/Src/stm32f4xx_hal_dma.o
 .text.DMA_CheckFifoParam
                0x00000000080022bc       0xf8 ./Drivers/STM32F4xx_HAL_Driver/Src/stm32f4xx_hal_dma.o
 .text.HAL_GPIO_Init
                0x00000000080023b4      0x308 ./Drivers/STM32F4xx_HAL_Driver/Src/stm32f4xx_hal_gpio.o
                0x00000000080023b4                HAL_GPIO_Init
 .text.HAL_GPIO_WritePin
                0x00000000080026bc       0x32 ./Drivers/STM32F4xx_HAL_Driver/Src/stm32f4xx_hal_gpio.o
                0x00000000080026bc                HAL_GPIO_WritePin
 .text.HAL_PCD_Init
                0x00000000080026ee      0x23a ./Drivers/STM32F4xx_HAL_Driver/Src/stm32f4xx_hal_pcd.o
                0x00000000080026ee                HAL_PCD_Init
 .text.HAL_RCC_OscConfig
                0x0000000008002928      0x4f0 ./Drivers/STM32F4xx_HAL_Driver/Src/stm32f4xx_hal_rcc.o
                0x0000000008002928                HAL_RCC_OscConfig
 .text.HAL_RCC_ClockConfig
                0x0000000008002e18      0x1cc ./Drivers/STM32F4xx_HAL_Driver/Src/stm32f4xx_hal_rcc.o
                0x0000000008002e18                HAL_RCC_ClockConfig
 .text.HAL_RCC_GetSysClockFreq
                0x0000000008002fe4      0x20c ./Drivers/STM32F4xx_HAL_Driver/Src/stm32f4xx_hal_rcc.o
                0x0000000008002fe4                HAL_RCC_GetSysClockFreq
 .text.HAL_RCC_GetHCLKFreq
                0x00000000080031f0       0x18 ./Drivers/STM32F4xx_HAL_Driver/Src/stm32f4xx_hal_rcc.o
                0x00000000080031f0                HAL_RCC_GetHCLKFreq
 .text.HAL_RCC_GetPCLK1Freq
                0x0000000008003208       0x28 ./Drivers/STM32F4xx_HAL_Driver/Src/stm32f4xx_hal_rcc.o
                0x0000000008003208                HAL_RCC_GetPCLK1Freq
 .text.HAL_RCC_GetPCLK2Freq
                0x0000000008003230       0x28 ./Drivers/STM32F4xx_HAL_Driver/Src/stm32f4xx_hal_rcc.o
                0x0000000008003230                HAL_RCC_GetPCLK2Freq
 .text.HAL_RCC_GetClockConfig
                0x0000000008003258       0x64 ./Drivers/STM32F4xx_HAL_Driver/Src/stm32f4xx_hal_rcc.o
                0x0000000008003258                HAL_RCC_GetClockConfig
 .text.HAL_TIM_Base_Init
                0x00000000080032bc       0x9e ./Drivers/STM32F4xx_HAL_Driver/Src/stm32f4xx_hal_tim.o
                0x00000000080032bc                HAL_TIM_Base_Init
 *fill*         0x000000000800335a        0x2 
 .text.HAL_TIM_Base_Start_IT
                0x000000000800335c       0xc4 ./Drivers/STM32F4xx_HAL_Driver/Src/stm32f4xx_hal_tim.o
                0x000000000800335c                HAL_TIM_Base_Start_IT
 .text.HAL_TIM_PWM_Init
                0x0000000008003420       0x9e ./Drivers/STM32F4xx_HAL_Driver/Src/stm32f4xx_hal_tim.o
                0x0000000008003420                HAL_TIM_PWM_Init
 .text.HAL_TIM_PWM_MspInit
                0x00000000080034be       0x14 ./Drivers/STM32F4xx_HAL_Driver/Src/stm32f4xx_hal_tim.o
                0x00000000080034be                HAL_TIM_PWM_MspInit
 *fill*         0x00000000080034d2        0x2 
 .text.HAL_TIM_PWM_Start
                0x00000000080034d4      0x160 ./Drivers/STM32F4xx_HAL_Driver/Src/stm32f4xx_hal_tim.o
                0x00000000080034d4                HAL_TIM_PWM_Start
 .text.HAL_TIM_IRQHandler
                0x0000000008003634      0x210 ./Drivers/STM32F4xx_HAL_Driver/Src/stm32f4xx_hal_tim.o
                0x0000000008003634                HAL_TIM_IRQHandler
 .text.HAL_TIM_PWM_ConfigChannel
                0x0000000008003844      0x184 ./Drivers/STM32F4xx_HAL_Driver/Src/stm32f4xx_hal_tim.o
                0x0000000008003844                HAL_TIM_PWM_ConfigChannel
 .text.HAL_TIM_ConfigClockSource
                0x00000000080039c8      0x18e ./Drivers/STM32F4xx_HAL_Driver/Src/stm32f4xx_hal_tim.o
                0x00000000080039c8                HAL_TIM_ConfigClockSource
 .text.HAL_TIM_OC_DelayElapsedCallback
                0x0000000008003b56       0x14 ./Drivers/STM32F4xx_HAL_Driver/Src/stm32f4xx_hal_tim.o
                0x0000000008003b56                HAL_TIM_OC_DelayElapsedCallback
 .text.HAL_TIM_IC_CaptureCallback
                0x0000000008003b6a       0x14 ./Drivers/STM32F4xx_HAL_Driver/Src/stm32f4xx_hal_tim.o
                0x0000000008003b6a                HAL_TIM_IC_CaptureCallback
 .text.HAL_TIM_PWM_PulseFinishedCallback
                0x0000000008003b7e       0x14 ./Drivers/STM32F4xx_HAL_Driver/Src/stm32f4xx_hal_tim.o
                0x0000000008003b7e                HAL_TIM_PWM_PulseFinishedCallback
 .text.HAL_TIM_TriggerCallback
                0x0000000008003b92       0x14 ./Drivers/STM32F4xx_HAL_Driver/Src/stm32f4xx_hal_tim.o
                0x0000000008003b92                HAL_TIM_TriggerCallback
 *fill*         0x0000000008003ba6        0x2 
 .text.TIM_Base_SetConfig
                0x0000000008003ba8      0x100 ./Drivers/STM32F4xx_HAL_Driver/Src/stm32f4xx_hal_tim.o
                0x0000000008003ba8                TIM_Base_SetConfig
 .text.TIM_OC1_SetConfig
                0x0000000008003ca8       0xcc ./Drivers/STM32F4xx_HAL_Driver/Src/stm32f4xx_hal_tim.o
 .text.TIM_OC2_SetConfig
                0x0000000008003d74       0xd8 ./Drivers/STM32F4xx_HAL_Driver/Src/stm32f4xx_hal_tim.o
                0x0000000008003d74                TIM_OC2_SetConfig
 .text.TIM_OC3_SetConfig
                0x0000000008003e4c       0xd4 ./Drivers/STM32F4xx_HAL_Driver/Src/stm32f4xx_hal_tim.o
 .text.TIM_OC4_SetConfig
                0x0000000008003f20       0xa0 ./Drivers/STM32F4xx_HAL_Driver/Src/stm32f4xx_hal_tim.o
 .text.TIM_TI1_ConfigInputStage
                0x0000000008003fc0       0x5e ./Drivers/STM32F4xx_HAL_Driver/Src/stm32f4xx_hal_tim.o
 .text.TIM_TI2_ConfigInputStage
                0x000000000800401e       0x60 ./Drivers/STM32F4xx_HAL_Driver/Src/stm32f4xx_hal_tim.o
 .text.TIM_ITRx_SetConfig
                0x000000000800407e       0x36 ./Drivers/STM32F4xx_HAL_Driver/Src/stm32f4xx_hal_tim.o
 .text.TIM_ETR_SetConfig
                0x00000000080040b4       0x40 ./Drivers/STM32F4xx_HAL_Driver/Src/stm32f4xx_hal_tim.o
                0x00000000080040b4                TIM_ETR_SetConfig
 .text.TIM_CCxChannelCmd
                0x00000000080040f4       0x4a ./Drivers/STM32F4xx_HAL_Driver/Src/stm32f4xx_hal_tim.o
                0x00000000080040f4                TIM_CCxChannelCmd
 *fill*         0x000000000800413e        0x2 
 .text.HAL_TIMEx_MasterConfigSynchronization
                0x0000000008004140       0xdc ./Drivers/STM32F4xx_HAL_Driver/Src/stm32f4xx_hal_tim_ex.o
                0x0000000008004140                HAL_TIMEx_MasterConfigSynchronization
 .text.HAL_TIMEx_CommutCallback
                0x000000000800421c       0x14 ./Drivers/STM32F4xx_HAL_Driver/Src/stm32f4xx_hal_tim_ex.o
                0x000000000800421c                HAL_TIMEx_CommutCallback
 .text.HAL_TIMEx_BreakCallback
                0x0000000008004230       0x14 ./Drivers/STM32F4xx_HAL_Driver/Src/stm32f4xx_hal_tim_ex.o
                0x0000000008004230                HAL_TIMEx_BreakCallback
 .text.HAL_UART_Init
                0x0000000008004244       0x9a ./Drivers/STM32F4xx_HAL_Driver/Src/stm32f4xx_hal_uart.o
                0x0000000008004244                HAL_UART_Init
 .text.HAL_UART_Receive_DMA
                0x00000000080042de       0x60 ./Drivers/STM32F4xx_HAL_Driver/Src/stm32f4xx_hal_uart.o
                0x00000000080042de                HAL_UART_Receive_DMA
 *fill*         0x000000000800433e        0x2 
 .text.HAL_UART_IRQHandler
                0x0000000008004340      0x51c ./Drivers/STM32F4xx_HAL_Driver/Src/stm32f4xx_hal_uart.o
                0x0000000008004340                HAL_UART_IRQHandler
 .text.HAL_UART_TxCpltCallback
                0x000000000800485c       0x14 ./Drivers/STM32F4xx_HAL_Driver/Src/stm32f4xx_hal_uart.o
                0x000000000800485c                HAL_UART_TxCpltCallback
 .text.HAL_UART_RxCpltCallback
                0x0000000008004870       0x14 ./Drivers/STM32F4xx_HAL_Driver/Src/stm32f4xx_hal_uart.o
                0x0000000008004870                HAL_UART_RxCpltCallback
 .text.HAL_UART_RxHalfCpltCallback
                0x0000000008004884       0x14 ./Drivers/STM32F4xx_HAL_Driver/Src/stm32f4xx_hal_uart.o
                0x0000000008004884                HAL_UART_RxHalfCpltCallback
 .text.HAL_UART_ErrorCallback
                0x0000000008004898       0x14 ./Drivers/STM32F4xx_HAL_Driver/Src/stm32f4xx_hal_uart.o
                0x0000000008004898                HAL_UART_ErrorCallback
 .text.HAL_UARTEx_RxEventCallback
                0x00000000080048ac       0x18 ./Drivers/STM32F4xx_HAL_Driver/Src/stm32f4xx_hal_uart.o
                0x00000000080048ac                HAL_UARTEx_RxEventCallback
 .text.UART_DMAReceiveCplt
                0x00000000080048c4      0x126 ./Drivers/STM32F4xx_HAL_Driver/Src/stm32f4xx_hal_uart.o
 .text.UART_DMARxHalfCplt
                0x00000000080049ea       0x36 ./Drivers/STM32F4xx_HAL_Driver/Src/stm32f4xx_hal_uart.o
 .text.UART_DMAError
                0x0000000008004a20       0x94 ./Drivers/STM32F4xx_HAL_Driver/Src/stm32f4xx_hal_uart.o
 .text.UART_Start_Receive_DMA
                0x0000000008004ab4      0x13c ./Drivers/STM32F4xx_HAL_Driver/Src/stm32f4xx_hal_uart.o
                0x0000000008004ab4                UART_Start_Receive_DMA
 .text.UART_EndTxTransfer
                0x0000000008004bf0       0x50 ./Drivers/STM32F4xx_HAL_Driver/Src/stm32f4xx_hal_uart.o
 .text.UART_EndRxTransfer
                0x0000000008004c40       0xc6 ./Drivers/STM32F4xx_HAL_Driver/Src/stm32f4xx_hal_uart.o
 .text.UART_DMAAbortOnError
                0x0000000008004d06       0x28 ./Drivers/STM32F4xx_HAL_Driver/Src/stm32f4xx_hal_uart.o
 .text.UART_Transmit_IT
                0x0000000008004d2e       0xa0 ./Drivers/STM32F4xx_HAL_Driver/Src/stm32f4xx_hal_uart.o
 .text.UART_EndTransmit_IT
                0x0000000008004dce       0x30 ./Drivers/STM32F4xx_HAL_Driver/Src/stm32f4xx_hal_uart.o
 .text.UART_Receive_IT
                0x0000000008004dfe      0x176 ./Drivers/STM32F4xx_HAL_Driver/Src/stm32f4xx_hal_uart.o
 .text.UART_SetConfig
                0x0000000008004f74      0x4e8 ./Drivers/STM32F4xx_HAL_Driver/Src/stm32f4xx_hal_uart.o
 .text.USB_CoreInit
                0x000000000800545c       0xc2 ./Drivers/STM32F4xx_HAL_Driver/Src/stm32f4xx_ll_usb.o
                0x000000000800545c                USB_CoreInit
 .text.USB_DisableGlobalInt
                0x000000000800551e       0x22 ./Drivers/STM32F4xx_HAL_Driver/Src/stm32f4xx_ll_usb.o
                0x000000000800551e                USB_DisableGlobalInt
 .text.USB_SetCurrentMode
                0x0000000008005540       0x98 ./Drivers/STM32F4xx_HAL_Driver/Src/stm32f4xx_ll_usb.o
                0x0000000008005540                USB_SetCurrentMode
 .text.USB_DevInit
                0x00000000080055d8      0x2c8 ./Drivers/STM32F4xx_HAL_Driver/Src/stm32f4xx_ll_usb.o
                0x00000000080055d8                USB_DevInit
 .text.USB_FlushTxFifo
                0x00000000080058a0       0x68 ./Drivers/STM32F4xx_HAL_Driver/Src/stm32f4xx_ll_usb.o
                0x00000000080058a0                USB_FlushTxFifo
 .text.USB_FlushRxFifo
                0x0000000008005908       0x60 ./Drivers/STM32F4xx_HAL_Driver/Src/stm32f4xx_ll_usb.o
                0x0000000008005908                USB_FlushRxFifo
 .text.USB_SetDevSpeed
                0x0000000008005968       0x32 ./Drivers/STM32F4xx_HAL_Driver/Src/stm32f4xx_ll_usb.o
                0x0000000008005968                USB_SetDevSpeed
 .text.USB_DevDisconnect
                0x000000000800599a       0x42 ./Drivers/STM32F4xx_HAL_Driver/Src/stm32f4xx_ll_usb.o
                0x000000000800599a                USB_DevDisconnect
 .text.USB_GetMode
                0x00000000080059dc       0x1c ./Drivers/STM32F4xx_HAL_Driver/Src/stm32f4xx_ll_usb.o
                0x00000000080059dc                USB_GetMode
 .text.USB_CoreReset
                0x00000000080059f8       0x68 ./Drivers/STM32F4xx_HAL_Driver/Src/stm32f4xx_ll_usb.o
 .text.__NVIC_SetPriority
                0x0000000008005a60       0x54 ./Middlewares/Third_Party/FreeRTOS/Source/CMSIS_RTOS_V2/cmsis_os2.o
 .text.SysTick_Handler
                0x0000000008005ab4       0x20 ./Middlewares/Third_Party/FreeRTOS/Source/CMSIS_RTOS_V2/cmsis_os2.o
                0x0000000008005ab4                SysTick_Handler
 .text.SVC_Setup
                0x0000000008005ad4       0x12 ./Middlewares/Third_Party/FreeRTOS/Source/CMSIS_RTOS_V2/cmsis_os2.o
 *fill*         0x0000000008005ae6        0x2 
 .text.osKernelInitialize
                0x0000000008005ae8       0x48 ./Middlewares/Third_Party/FreeRTOS/Source/CMSIS_RTOS_V2/cmsis_os2.o
                0x0000000008005ae8                osKernelInitialize
 .text.osKernelStart
                0x0000000008005b30       0x4c ./Middlewares/Third_Party/FreeRTOS/Source/CMSIS_RTOS_V2/cmsis_os2.o
                0x0000000008005b30                osKernelStart
 .text.osThreadNew
                0x0000000008005b7c      0x124 ./Middlewares/Third_Party/FreeRTOS/Source/CMSIS_RTOS_V2/cmsis_os2.o
                0x0000000008005b7c                osThreadNew
 .text.osDelay  0x0000000008005ca0       0x36 ./Middlewares/Third_Party/FreeRTOS/Source/CMSIS_RTOS_V2/cmsis_os2.o
                0x0000000008005ca0                osDelay
 *fill*         0x0000000008005cd6        0x2 
 .text.vApplicationGetIdleTaskMemory
                0x0000000008005cd8       0x34 ./Middlewares/Third_Party/FreeRTOS/Source/CMSIS_RTOS_V2/cmsis_os2.o
                0x0000000008005cd8                vApplicationGetIdleTaskMemory
 .text.vApplicationGetTimerTaskMemory
                0x0000000008005d0c       0x34 ./Middlewares/Third_Party/FreeRTOS/Source/CMSIS_RTOS_V2/cmsis_os2.o
                0x0000000008005d0c                vApplicationGetTimerTaskMemory
 .text.vListInitialise
                0x0000000008005d40       0x40 ./Middlewares/Third_Party/FreeRTOS/Source/list.o
                0x0000000008005d40                vListInitialise
 .text.vListInitialiseItem
                0x0000000008005d80       0x1a ./Middlewares/Third_Party/FreeRTOS/Source/list.o
                0x0000000008005d80                vListInitialiseItem
 .text.vListInsertEnd
                0x0000000008005d9a       0x48 ./Middlewares/Third_Party/FreeRTOS/Source/list.o
                0x0000000008005d9a                vListInsertEnd
 .text.vListInsert
                0x0000000008005de2       0x72 ./Middlewares/Third_Party/FreeRTOS/Source/list.o
                0x0000000008005de2                vListInsert
 .text.uxListRemove
                0x0000000008005e54       0x54 ./Middlewares/Third_Party/FreeRTOS/Source/list.o
                0x0000000008005e54                uxListRemove
 .text.xQueueGenericReset
                0x0000000008005ea8       0xd0 ./Middlewares/Third_Party/FreeRTOS/Source/queue.o
                0x0000000008005ea8                xQueueGenericReset
 .text.xQueueGenericCreateStatic
                0x0000000008005f78       0xf0 ./Middlewares/Third_Party/FreeRTOS/Source/queue.o
                0x0000000008005f78                xQueueGenericCreateStatic
 .text.prvInitialiseNewQueue
                0x0000000008006068       0x46 ./Middlewares/Third_Party/FreeRTOS/Source/queue.o
 *fill*         0x00000000080060ae        0x2 
 .text.xQueueGenericSend
                0x00000000080060b0      0x1fc ./Middlewares/Third_Party/FreeRTOS/Source/queue.o
                0x00000000080060b0                xQueueGenericSend
 .text.xQueueGenericSendFromISR
                0x00000000080062ac      0x136 ./Middlewares/Third_Party/FreeRTOS/Source/queue.o
                0x00000000080062ac                xQueueGenericSendFromISR
 *fill*         0x00000000080063e2        0x2 
 .text.xQueueReceive
                0x00000000080063e4      0x1c0 ./Middlewares/Third_Party/FreeRTOS/Source/queue.o
                0x00000000080063e4                xQueueReceive
 .text.prvCopyDataToQueue
                0x00000000080065a4       0xd4 ./Middlewares/Third_Party/FreeRTOS/Source/queue.o
 .text.prvCopyDataFromQueue
                0x0000000008006678       0x4c ./Middlewares/Third_Party/FreeRTOS/Source/queue.o
 .text.prvUnlockQueue
                0x00000000080066c4       0xa4 ./Middlewares/Third_Party/FreeRTOS/Source/queue.o
 .text.prvIsQueueEmpty
                0x0000000008006768       0x2c ./Middlewares/Third_Party/FreeRTOS/Source/queue.o
 .text.prvIsQueueFull
                0x0000000008006794       0x30 ./Middlewares/Third_Party/FreeRTOS/Source/queue.o
 .text.vQueueAddToRegistry
                0x00000000080067c4       0x54 ./Middlewares/Third_Party/FreeRTOS/Source/queue.o
                0x00000000080067c4                vQueueAddToRegistry
 .text.vQueueWaitForMessageRestricted
                0x0000000008006818       0x68 ./Middlewares/Third_Party/FreeRTOS/Source/queue.o
                0x0000000008006818                vQueueWaitForMessageRestricted
 .text.xTaskCreateStatic
                0x0000000008006880       0xba ./Middlewares/Third_Party/FreeRTOS/Source/tasks.o
                0x0000000008006880                xTaskCreateStatic
 .text.xTaskCreate
                0x000000000800693a       0x8a ./Middlewares/Third_Party/FreeRTOS/Source/tasks.o
                0x000000000800693a                xTaskCreate
 .text.prvInitialiseNewTask
                0x00000000080069c4      0x11e ./Middlewares/Third_Party/FreeRTOS/Source/tasks.o
 *fill*         0x0000000008006ae2        0x2 
 .text.prvAddNewTaskToReadyList
                0x0000000008006ae4       0xe0 ./Middlewares/Third_Party/FreeRTOS/Source/tasks.o
 .text.vTaskDelay
                0x0000000008006bc4       0x68 ./Middlewares/Third_Party/FreeRTOS/Source/tasks.o
                0x0000000008006bc4                vTaskDelay
 .text.vTaskStartScheduler
                0x0000000008006c2c       0xcc ./Middlewares/Third_Party/FreeRTOS/Source/tasks.o
                0x0000000008006c2c                vTaskStartScheduler
 .text.vTaskSuspendAll
                0x0000000008006cf8       0x1c ./Middlewares/Third_Party/FreeRTOS/Source/tasks.o
                0x0000000008006cf8                vTaskSuspendAll
 .text.xTaskResumeAll
                0x0000000008006d14      0x13c ./Middlewares/Third_Party/FreeRTOS/Source/tasks.o
                0x0000000008006d14                xTaskResumeAll
 .text.xTaskGetTickCount
                0x0000000008006e50       0x20 ./Middlewares/Third_Party/FreeRTOS/Source/tasks.o
                0x0000000008006e50                xTaskGetTickCount
 .text.xTaskIncrementTick
                0x0000000008006e70      0x174 ./Middlewares/Third_Party/FreeRTOS/Source/tasks.o
                0x0000000008006e70                xTaskIncrementTick
 .text.vTaskSwitchContext
                0x0000000008006fe4       0xbc ./Middlewares/Third_Party/FreeRTOS/Source/tasks.o
                0x0000000008006fe4                vTaskSwitchContext
 .text.vTaskPlaceOnEventList
                0x00000000080070a0       0x48 ./Middlewares/Third_Party/FreeRTOS/Source/tasks.o
                0x00000000080070a0                vTaskPlaceOnEventList
 .text.vTaskPlaceOnEventListRestricted
                0x00000000080070e8       0x58 ./Middlewares/Third_Party/FreeRTOS/Source/tasks.o
                0x00000000080070e8                vTaskPlaceOnEventListRestricted
 .text.xTaskRemoveFromEventList
                0x0000000008007140       0xc8 ./Middlewares/Third_Party/FreeRTOS/Source/tasks.o
                0x0000000008007140                xTaskRemoveFromEventList
 .text.vTaskInternalSetTimeOutState
                0x0000000008007208       0x2c ./Middlewares/Third_Party/FreeRTOS/Source/tasks.o
                0x0000000008007208                vTaskInternalSetTimeOutState
 .text.xTaskCheckForTimeOut
                0x0000000008007234       0xc4 ./Middlewares/Third_Party/FreeRTOS/Source/tasks.o
                0x0000000008007234                xTaskCheckForTimeOut
 .text.vTaskMissedYield
                0x00000000080072f8       0x18 ./Middlewares/Third_Party/FreeRTOS/Source/tasks.o
                0x00000000080072f8                vTaskMissedYield
 .text.prvIdleTask
                0x0000000008007310       0x30 ./Middlewares/Third_Party/FreeRTOS/Source/tasks.o
 .text.prvInitialiseTaskLists
                0x0000000008007340       0x80 ./Middlewares/Third_Party/FreeRTOS/Source/tasks.o
 .text.prvCheckTasksWaitingTermination
                0x00000000080073c0       0x5c ./Middlewares/Third_Party/FreeRTOS/Source/tasks.o
 .text.prvDeleteTCB
                0x000000000800741c       0x5e ./Middlewares/Third_Party/FreeRTOS/Source/tasks.o
 *fill*         0x000000000800747a        0x2 
 .text.prvResetNextTaskUnblockTime
                0x000000000800747c       0x40 ./Middlewares/Third_Party/FreeRTOS/Source/tasks.o
 .text.xTaskGetSchedulerState
                0x00000000080074bc       0x3c ./Middlewares/Third_Party/FreeRTOS/Source/tasks.o
                0x00000000080074bc                xTaskGetSchedulerState
 .text.xTaskPriorityDisinherit
                0x00000000080074f8       0xdc ./Middlewares/Third_Party/FreeRTOS/Source/tasks.o
                0x00000000080074f8                xTaskPriorityDisinherit
 .text.prvAddCurrentTaskToDelayedList
                0x00000000080075d4       0xa8 ./Middlewares/Third_Party/FreeRTOS/Source/tasks.o
 .text.xTimerCreateTimerTask
                0x000000000800767c       0x90 ./Middlewares/Third_Party/FreeRTOS/Source/timers.o
                0x000000000800767c                xTimerCreateTimerTask
 .text.xTimerGenericCommand
                0x000000000800770c       0x9c ./Middlewares/Third_Party/FreeRTOS/Source/timers.o
                0x000000000800770c                xTimerGenericCommand
 .text.prvProcessExpiredTimer
                0x00000000080077a8       0x98 ./Middlewares/Third_Party/FreeRTOS/Source/timers.o
 .text.prvTimerTask
                0x0000000008007840       0x24 ./Middlewares/Third_Party/FreeRTOS/Source/timers.o
 .text.prvProcessTimerOrBlockTask
                0x0000000008007864       0x9c ./Middlewares/Third_Party/FreeRTOS/Source/timers.o
 .text.prvGetNextExpireTime
                0x0000000008007900       0x48 ./Middlewares/Third_Party/FreeRTOS/Source/timers.o
 .text.prvSampleTimeNow
                0x0000000008007948       0x40 ./Middlewares/Third_Party/FreeRTOS/Source/timers.o
 .text.prvInsertTimerInActiveList
                0x0000000008007988       0x84 ./Middlewares/Third_Party/FreeRTOS/Source/timers.o
 .text.prvProcessReceivedCommands
                0x0000000008007a0c      0x1c4 ./Middlewares/Third_Party/FreeRTOS/Source/timers.o
 .text.prvSwitchTimerLists
                0x0000000008007bd0       0xc8 ./Middlewares/Third_Party/FreeRTOS/Source/timers.o
 .text.prvCheckForValidListAndQueue
                0x0000000008007c98       0x80 ./Middlewares/Third_Party/FreeRTOS/Source/timers.o
 .text.pxPortInitialiseStack
                0x0000000008007d18       0x68 ./Middlewares/Third_Party/FreeRTOS/Source/portable/GCC/ARM_CM4F/port.o
                0x0000000008007d18                pxPortInitialiseStack
 .text.prvTaskExitError
                0x0000000008007d80       0x58 ./Middlewares/Third_Party/FreeRTOS/Source/portable/GCC/ARM_CM4F/port.o
 *fill*         0x0000000008007dd8        0x8 
 .text.SVC_Handler
                0x0000000008007de0       0x28 ./Middlewares/Third_Party/FreeRTOS/Source/portable/GCC/ARM_CM4F/port.o
                0x0000000008007de0                SVC_Handler
 .text.prvPortStartFirstTask
                0x0000000008007e08       0x28 ./Middlewares/Third_Party/FreeRTOS/Source/portable/GCC/ARM_CM4F/port.o
 .text.xPortStartScheduler
                0x0000000008007e30      0x144 ./Middlewares/Third_Party/FreeRTOS/Source/portable/GCC/ARM_CM4F/port.o
                0x0000000008007e30                xPortStartScheduler
 .text.vPortEnterCritical
                0x0000000008007f74       0x60 ./Middlewares/Third_Party/FreeRTOS/Source/portable/GCC/ARM_CM4F/port.o
                0x0000000008007f74                vPortEnterCritical
 .text.vPortExitCritical
                0x0000000008007fd4       0x54 ./Middlewares/Third_Party/FreeRTOS/Source/portable/GCC/ARM_CM4F/port.o
                0x0000000008007fd4                vPortExitCritical
 *fill*         0x0000000008008028        0x8 
 .text.PendSV_Handler
                0x0000000008008030       0x68 ./Middlewares/Third_Party/FreeRTOS/Source/portable/GCC/ARM_CM4F/port.o
                0x0000000008008030                PendSV_Handler
 .text.xPortSysTickHandler
                0x0000000008008098       0x44 ./Middlewares/Third_Party/FreeRTOS/Source/portable/GCC/ARM_CM4F/port.o
                0x0000000008008098                xPortSysTickHandler
 .text.vPortSetupTimerInterrupt
                0x00000000080080dc       0x48 ./Middlewares/Third_Party/FreeRTOS/Source/portable/GCC/ARM_CM4F/port.o
                0x00000000080080dc                vPortSetupTimerInterrupt
 .text.vPortEnableVFP
                0x0000000008008124       0x14 ./Middlewares/Third_Party/FreeRTOS/Source/portable/GCC/ARM_CM4F/port.o
 .text.vPortValidateInterruptPriority
                0x0000000008008138       0x80 ./Middlewares/Third_Party/FreeRTOS/Source/portable/GCC/ARM_CM4F/port.o
                0x0000000008008138                vPortValidateInterruptPriority
 .text.pvPortMalloc
                0x00000000080081b8      0x198 ./Middlewares/Third_Party/FreeRTOS/Source/portable/MemMang/heap_4.o
                0x00000000080081b8                pvPortMalloc
 .text.vPortFree
                0x0000000008008350       0xc4 ./Middlewares/Third_Party/FreeRTOS/Source/portable/MemMang/heap_4.o
                0x0000000008008350                vPortFree
 .text.prvHeapInit
                0x0000000008008414       0xc4 ./Middlewares/Third_Party/FreeRTOS/Source/portable/MemMang/heap_4.o
 .text.prvInsertBlockIntoFreeList
                0x00000000080084d8       0xb4 ./Middlewares/Third_Party/FreeRTOS/Source/portable/MemMang/heap_4.o
 .text.__libc_init_array
                0x000000000800858c       0x48 d:/st/stm32cubeide_1.11.2/stm32cubeide/plugins/com.st.stm32cube.ide.mcu.externaltools.gnu-tools-for-stm32.10.3-2021.10.win32_1.0.100.202210260954/tools/bin/../lib/gcc/arm-none-eabi/10.3.1/../../../../arm-none-eabi/lib/thumb/v7e-m+fp/hard\libc_nano.a(lib_a-init.o)
                0x000000000800858c                __libc_init_array
 .text.memcpy   0x00000000080085d4       0x1c d:/st/stm32cubeide_1.11.2/stm32cubeide/plugins/com.st.stm32cube.ide.mcu.externaltools.gnu-tools-for-stm32.10.3-2021.10.win32_1.0.100.202210260954/tools/bin/../lib/gcc/arm-none-eabi/10.3.1/../../../../arm-none-eabi/lib/thumb/v7e-m+fp/hard\libc_nano.a(lib_a-memcpy-stub.o)
                0x00000000080085d4                memcpy
 .text.memset   0x00000000080085f0       0x10 d:/st/stm32cubeide_1.11.2/stm32cubeide/plugins/com.st.stm32cube.ide.mcu.externaltools.gnu-tools-for-stm32.10.3-2021.10.win32_1.0.100.202210260954/tools/bin/../lib/gcc/arm-none-eabi/10.3.1/../../../../arm-none-eabi/lib/thumb/v7e-m+fp/hard\libc_nano.a(lib_a-memset.o)
                0x00000000080085f0                memset
 *(.glue_7)
 .glue_7        0x0000000008008600        0x0 linker stubs
 *(.glue_7t)
 .glue_7t       0x0000000008008600        0x0 linker stubs
 *(.eh_frame)
 .eh_frame      0x0000000008008600        0x0 d:/st/stm32cubeide_1.11.2/stm32cubeide/plugins/com.st.stm32cube.ide.mcu.externaltools.gnu-tools-for-stm32.10.3-2021.10.win32_1.0.100.202210260954/tools/bin/../lib/gcc/arm-none-eabi/10.3.1/thumb/v7e-m+fp/hard/crtbegin.o
 *(.init)
 .init          0x0000000008008600        0x4 d:/st/stm32cubeide_1.11.2/stm32cubeide/plugins/com.st.stm32cube.ide.mcu.externaltools.gnu-tools-for-stm32.10.3-2021.10.win32_1.0.100.202210260954/tools/bin/../lib/gcc/arm-none-eabi/10.3.1/thumb/v7e-m+fp/hard/crti.o
                0x0000000008008600                _init
 .init          0x0000000008008604        0x8 d:/st/stm32cubeide_1.11.2/stm32cubeide/plugins/com.st.stm32cube.ide.mcu.externaltools.gnu-tools-for-stm32.10.3-2021.10.win32_1.0.100.202210260954/tools/bin/../lib/gcc/arm-none-eabi/10.3.1/thumb/v7e-m+fp/hard/crtn.o
 *(.fini)
 .fini          0x000000000800860c        0x4 d:/st/stm32cubeide_1.11.2/stm32cubeide/plugins/com.st.stm32cube.ide.mcu.externaltools.gnu-tools-for-stm32.10.3-2021.10.win32_1.0.100.202210260954/tools/bin/../lib/gcc/arm-none-eabi/10.3.1/thumb/v7e-m+fp/hard/crti.o
                0x000000000800860c                _fini
 .fini          0x0000000008008610        0x8 d:/st/stm32cubeide_1.11.2/stm32cubeide/plugins/com.st.stm32cube.ide.mcu.externaltools.gnu-tools-for-stm32.10.3-2021.10.win32_1.0.100.202210260954/tools/bin/../lib/gcc/arm-none-eabi/10.3.1/thumb/v7e-m+fp/hard/crtn.o
                0x0000000008008618                . = ALIGN (0x4)
                0x0000000008008618                _etext = .

.vfp11_veneer   0x0000000008008618        0x0
 .vfp11_veneer  0x0000000008008618        0x0 linker stubs

.v4_bx          0x0000000008008618        0x0
 .v4_bx         0x0000000008008618        0x0 linker stubs

.iplt           0x0000000008008618        0x0
 .iplt          0x0000000008008618        0x0 d:/st/stm32cubeide_1.11.2/stm32cubeide/plugins/com.st.stm32cube.ide.mcu.externaltools.gnu-tools-for-stm32.10.3-2021.10.win32_1.0.100.202210260954/tools/bin/../lib/gcc/arm-none-eabi/10.3.1/thumb/v7e-m+fp/hard/crtbegin.o

.rodata         0x0000000008008618       0xc8
                0x0000000008008618                . = ALIGN (0x4)
 *(.rodata)
 .rodata        0x0000000008008618       0x24 ./Core/Src/freertos.o
 .rodata        0x000000000800863c        0x5 ./Middlewares/Third_Party/FreeRTOS/Source/tasks.o
 *fill*         0x0000000008008641        0x3 
 .rodata        0x0000000008008644        0xd ./Middlewares/Third_Party/FreeRTOS/Source/timers.o
 *(.rodata*)
 *fill*         0x0000000008008651        0x3 
 .rodata.defaultTask_attributes
                0x0000000008008654       0x24 ./Core/Src/freertos.o
                0x0000000008008654                defaultTask_attributes
 .rodata.step_motor_attributes
                0x0000000008008678       0x24 ./Core/Src/freertos.o
                0x0000000008008678                step_motor_attributes
 .rodata.servo_motor_attributes
                0x000000000800869c       0x24 ./Core/Src/freertos.o
                0x000000000800869c                servo_motor_attributes
 .rodata.AHBPrescTable
                0x00000000080086c0       0x10 ./Core/Src/system_stm32f4xx.o
                0x00000000080086c0                AHBPrescTable
 .rodata.APBPrescTable
                0x00000000080086d0        0x8 ./Core/Src/system_stm32f4xx.o
                0x00000000080086d0                APBPrescTable
 .rodata.flagBitshiftOffset.0
                0x00000000080086d8        0x8 ./Drivers/STM32F4xx_HAL_Driver/Src/stm32f4xx_hal_dma.o
                0x00000000080086e0                . = ALIGN (0x4)

.ARM.extab      0x00000000080086e0        0x0
                0x00000000080086e0                . = ALIGN (0x4)
 *(.ARM.extab* .gnu.linkonce.armextab.*)
                0x00000000080086e0                . = ALIGN (0x4)

.ARM            0x00000000080086e0        0x8
                0x00000000080086e0                . = ALIGN (0x4)
                0x00000000080086e0                __exidx_start = .
 *(.ARM.exidx*)
 .ARM.exidx     0x00000000080086e0        0x8 d:/st/stm32cubeide_1.11.2/stm32cubeide/plugins/com.st.stm32cube.ide.mcu.externaltools.gnu-tools-for-stm32.10.3-2021.10.win32_1.0.100.202210260954/tools/bin/../lib/gcc/arm-none-eabi/10.3.1/thumb/v7e-m+fp/hard\libgcc.a(_udivmoddi4.o)
                0x00000000080086e8                __exidx_end = .
                0x00000000080086e8                . = ALIGN (0x4)

.rel.dyn        0x00000000080086e8        0x0
 .rel.iplt      0x00000000080086e8        0x0 d:/st/stm32cubeide_1.11.2/stm32cubeide/plugins/com.st.stm32cube.ide.mcu.externaltools.gnu-tools-for-stm32.10.3-2021.10.win32_1.0.100.202210260954/tools/bin/../lib/gcc/arm-none-eabi/10.3.1/thumb/v7e-m+fp/hard/crtbegin.o

.preinit_array  0x00000000080086e8        0x0
                0x00000000080086e8                . = ALIGN (0x4)
                0x00000000080086e8                PROVIDE (__preinit_array_start = .)
 *(.preinit_array*)
                0x00000000080086e8                PROVIDE (__preinit_array_end = .)
                0x00000000080086e8                . = ALIGN (0x4)

.init_array     0x00000000080086e8        0x4
                0x00000000080086e8                . = ALIGN (0x4)
                0x00000000080086e8                PROVIDE (__init_array_start = .)
 *(SORT_BY_NAME(.init_array.*))
 *(.init_array*)
 .init_array    0x00000000080086e8        0x4 d:/st/stm32cubeide_1.11.2/stm32cubeide/plugins/com.st.stm32cube.ide.mcu.externaltools.gnu-tools-for-stm32.10.3-2021.10.win32_1.0.100.202210260954/tools/bin/../lib/gcc/arm-none-eabi/10.3.1/thumb/v7e-m+fp/hard/crtbegin.o
                0x00000000080086ec                PROVIDE (__init_array_end = .)
                0x00000000080086ec                . = ALIGN (0x4)

.fini_array     0x00000000080086ec        0x4
                0x00000000080086ec                . = ALIGN (0x4)
                [!provide]                        PROVIDE (__fini_array_start = .)
 *(SORT_BY_NAME(.fini_array.*))
 *(.fini_array*)
 .fini_array    0x00000000080086ec        0x4 d:/st/stm32cubeide_1.11.2/stm32cubeide/plugins/com.st.stm32cube.ide.mcu.externaltools.gnu-tools-for-stm32.10.3-2021.10.win32_1.0.100.202210260954/tools/bin/../lib/gcc/arm-none-eabi/10.3.1/thumb/v7e-m+fp/hard/crtbegin.o
                [!provide]                        PROVIDE (__fini_array_end = .)
                0x00000000080086f0                . = ALIGN (0x4)
                0x00000000080086f0                _sidata = LOADADDR (.data)

.data           0x0000000020000000       0x14 load address 0x00000000080086f0
                0x0000000020000000                . = ALIGN (0x4)
                0x0000000020000000                _sdata = .
 *(.data)
 *(.data*)
 .data.angle    0x0000000020000000        0x4 ./Application/Inc/servo_motor.o
                0x0000000020000000                angle
 .data.SystemCoreClock
                0x0000000020000004        0x4 ./Core/Src/system_stm32f4xx.o
                0x0000000020000004                SystemCoreClock
 .data.uwTickPrio
                0x0000000020000008        0x4 ./Drivers/STM32F4xx_HAL_Driver/Src/stm32f4xx_hal.o
                0x0000000020000008                uwTickPrio
 .data.uwTickFreq
                0x000000002000000c        0x1 ./Drivers/STM32F4xx_HAL_Driver/Src/stm32f4xx_hal.o
                0x000000002000000c                uwTickFreq
 *fill*         0x000000002000000d        0x3 
 .data.uxCriticalNesting
                0x0000000020000010        0x4 ./Middlewares/Third_Party/FreeRTOS/Source/portable/GCC/ARM_CM4F/port.o
 *(.RamFunc)
 *(.RamFunc*)
                0x0000000020000014                . = ALIGN (0x4)
                0x0000000020000014                _edata = .

.igot.plt       0x0000000020000014        0x0 load address 0x0000000008008704
 .igot.plt      0x0000000020000014        0x0 d:/st/stm32cubeide_1.11.2/stm32cubeide/plugins/com.st.stm32cube.ide.mcu.externaltools.gnu-tools-for-stm32.10.3-2021.10.win32_1.0.100.202210260954/tools/bin/../lib/gcc/arm-none-eabi/10.3.1/thumb/v7e-m+fp/hard/crtbegin.o
                0x0000000020000014                . = ALIGN (0x4)

.bss            0x0000000020000014     0x5054 load address 0x0000000008008704
                0x0000000020000014                _sbss = .
                0x0000000020000014                __bss_start__ = _sbss
 *(.bss)
 .bss           0x0000000020000014       0x1c d:/st/stm32cubeide_1.11.2/stm32cubeide/plugins/com.st.stm32cube.ide.mcu.externaltools.gnu-tools-for-stm32.10.3-2021.10.win32_1.0.100.202210260954/tools/bin/../lib/gcc/arm-none-eabi/10.3.1/thumb/v7e-m+fp/hard/crtbegin.o
 *(.bss*)
 .bss.defaultTaskHandle
                0x0000000020000030        0x4 ./Core/Src/freertos.o
                0x0000000020000030                defaultTaskHandle
 .bss.step_motorHandle
                0x0000000020000034        0x4 ./Core/Src/freertos.o
                0x0000000020000034                step_motorHandle
 .bss.servo_motorHandle
                0x0000000020000038        0x4 ./Core/Src/freertos.o
                0x0000000020000038                servo_motorHandle
 .bss.rx_data   0x000000002000003c        0x8 ./Core/Src/main.o
                0x000000002000003c                rx_data
 .bss.htim10    0x0000000020000044       0x48 ./Core/Src/stm32f4xx_hal_timebase_tim.o
                0x0000000020000044                htim10
 .bss.htim2     0x000000002000008c       0x48 ./Core/Src/tim.o
                0x000000002000008c                htim2
 .bss.htim4     0x00000000200000d4       0x48 ./Core/Src/tim.o
                0x00000000200000d4                htim4
 .bss.htim11    0x000000002000011c       0x48 ./Core/Src/tim.o
                0x000000002000011c                htim11
 .bss.huart2    0x0000000020000164       0x44 ./Core/Src/usart.o
                0x0000000020000164                huart2
 .bss.hdma_usart2_rx
                0x00000000200001a8       0x60 ./Core/Src/usart.o
                0x00000000200001a8                hdma_usart2_rx
 .bss.hpcd_USB_OTG_FS
                0x0000000020000208      0x50c ./Core/Src/usb_otg.o
                0x0000000020000208                hpcd_USB_OTG_FS
 .bss.uwTick    0x0000000020000714        0x4 ./Drivers/STM32F4xx_HAL_Driver/Src/stm32f4xx_hal.o
                0x0000000020000714                uwTick
 .bss.KernelState
                0x0000000020000718        0x4 ./Middlewares/Third_Party/FreeRTOS/Source/CMSIS_RTOS_V2/cmsis_os2.o
 .bss.Idle_TCB.3
                0x000000002000071c       0x5c ./Middlewares/Third_Party/FreeRTOS/Source/CMSIS_RTOS_V2/cmsis_os2.o
 .bss.Idle_Stack.2
                0x0000000020000778      0x200 ./Middlewares/Third_Party/FreeRTOS/Source/CMSIS_RTOS_V2/cmsis_os2.o
 .bss.Timer_TCB.1
                0x0000000020000978       0x5c ./Middlewares/Third_Party/FreeRTOS/Source/CMSIS_RTOS_V2/cmsis_os2.o
 .bss.Timer_Stack.0
                0x00000000200009d4      0x400 ./Middlewares/Third_Party/FreeRTOS/Source/CMSIS_RTOS_V2/cmsis_os2.o
 .bss.xQueueRegistry
                0x0000000020000dd4       0x40 ./Middlewares/Third_Party/FreeRTOS/Source/queue.o
                0x0000000020000dd4                xQueueRegistry
 .bss.pxCurrentTCB
                0x0000000020000e14        0x4 ./Middlewares/Third_Party/FreeRTOS/Source/tasks.o
                0x0000000020000e14                pxCurrentTCB
 .bss.pxReadyTasksLists
                0x0000000020000e18      0x460 ./Middlewares/Third_Party/FreeRTOS/Source/tasks.o
 .bss.xDelayedTaskList1
                0x0000000020001278       0x14 ./Middlewares/Third_Party/FreeRTOS/Source/tasks.o
 .bss.xDelayedTaskList2
                0x000000002000128c       0x14 ./Middlewares/Third_Party/FreeRTOS/Source/tasks.o
 .bss.pxDelayedTaskList
                0x00000000200012a0        0x4 ./Middlewares/Third_Party/FreeRTOS/Source/tasks.o
 .bss.pxOverflowDelayedTaskList
                0x00000000200012a4        0x4 ./Middlewares/Third_Party/FreeRTOS/Source/tasks.o
 .bss.xPendingReadyList
                0x00000000200012a8       0x14 ./Middlewares/Third_Party/FreeRTOS/Source/tasks.o
 .bss.xTasksWaitingTermination
                0x00000000200012bc       0x14 ./Middlewares/Third_Party/FreeRTOS/Source/tasks.o
 .bss.uxDeletedTasksWaitingCleanUp
                0x00000000200012d0        0x4 ./Middlewares/Third_Party/FreeRTOS/Source/tasks.o
 .bss.xSuspendedTaskList
                0x00000000200012d4       0x14 ./Middlewares/Third_Party/FreeRTOS/Source/tasks.o
 .bss.uxCurrentNumberOfTasks
                0x00000000200012e8        0x4 ./Middlewares/Third_Party/FreeRTOS/Source/tasks.o
 .bss.xTickCount
                0x00000000200012ec        0x4 ./Middlewares/Third_Party/FreeRTOS/Source/tasks.o
 .bss.uxTopReadyPriority
                0x00000000200012f0        0x4 ./Middlewares/Third_Party/FreeRTOS/Source/tasks.o
 .bss.xSchedulerRunning
                0x00000000200012f4        0x4 ./Middlewares/Third_Party/FreeRTOS/Source/tasks.o
 .bss.xPendedTicks
                0x00000000200012f8        0x4 ./Middlewares/Third_Party/FreeRTOS/Source/tasks.o
 .bss.xYieldPending
                0x00000000200012fc        0x4 ./Middlewares/Third_Party/FreeRTOS/Source/tasks.o
 .bss.xNumOfOverflows
                0x0000000020001300        0x4 ./Middlewares/Third_Party/FreeRTOS/Source/tasks.o
 .bss.uxTaskNumber
                0x0000000020001304        0x4 ./Middlewares/Third_Party/FreeRTOS/Source/tasks.o
 .bss.xNextTaskUnblockTime
                0x0000000020001308        0x4 ./Middlewares/Third_Party/FreeRTOS/Source/tasks.o
 .bss.xIdleTaskHandle
                0x000000002000130c        0x4 ./Middlewares/Third_Party/FreeRTOS/Source/tasks.o
 .bss.uxSchedulerSuspended
                0x0000000020001310        0x4 ./Middlewares/Third_Party/FreeRTOS/Source/tasks.o
 .bss.xActiveTimerList1
                0x0000000020001314       0x14 ./Middlewares/Third_Party/FreeRTOS/Source/timers.o
 .bss.xActiveTimerList2
                0x0000000020001328       0x14 ./Middlewares/Third_Party/FreeRTOS/Source/timers.o
 .bss.pxCurrentTimerList
                0x000000002000133c        0x4 ./Middlewares/Third_Party/FreeRTOS/Source/timers.o
 .bss.pxOverflowTimerList
                0x0000000020001340        0x4 ./Middlewares/Third_Party/FreeRTOS/Source/timers.o
 .bss.xTimerQueue
                0x0000000020001344        0x4 ./Middlewares/Third_Party/FreeRTOS/Source/timers.o
 .bss.xTimerTaskHandle
                0x0000000020001348        0x4 ./Middlewares/Third_Party/FreeRTOS/Source/timers.o
 .bss.xLastTime.2
                0x000000002000134c        0x4 ./Middlewares/Third_Party/FreeRTOS/Source/timers.o
 .bss.ucStaticTimerQueueStorage.1
                0x0000000020001350       0xa0 ./Middlewares/Third_Party/FreeRTOS/Source/timers.o
 .bss.xStaticTimerQueue.0
                0x00000000200013f0       0x50 ./Middlewares/Third_Party/FreeRTOS/Source/timers.o
 .bss.ucMaxSysCallPriority
                0x0000000020001440        0x1 ./Middlewares/Third_Party/FreeRTOS/Source/portable/GCC/ARM_CM4F/port.o
 *fill*         0x0000000020001441        0x3 
 .bss.ulMaxPRIGROUPValue
                0x0000000020001444        0x4 ./Middlewares/Third_Party/FreeRTOS/Source/portable/GCC/ARM_CM4F/port.o
 .bss.ucHeap    0x0000000020001448     0x3c00 ./Middlewares/Third_Party/FreeRTOS/Source/portable/MemMang/heap_4.o
 .bss.xStart    0x0000000020005048        0x8 ./Middlewares/Third_Party/FreeRTOS/Source/portable/MemMang/heap_4.o
 .bss.pxEnd     0x0000000020005050        0x4 ./Middlewares/Third_Party/FreeRTOS/Source/portable/MemMang/heap_4.o
 .bss.xFreeBytesRemaining
                0x0000000020005054        0x4 ./Middlewares/Third_Party/FreeRTOS/Source/portable/MemMang/heap_4.o
 .bss.xMinimumEverFreeBytesRemaining
                0x0000000020005058        0x4 ./Middlewares/Third_Party/FreeRTOS/Source/portable/MemMang/heap_4.o
 .bss.xNumberOfSuccessfulAllocations
                0x000000002000505c        0x4 ./Middlewares/Third_Party/FreeRTOS/Source/portable/MemMang/heap_4.o
 .bss.xNumberOfSuccessfulFrees
                0x0000000020005060        0x4 ./Middlewares/Third_Party/FreeRTOS/Source/portable/MemMang/heap_4.o
 .bss.xBlockAllocatedBit
                0x0000000020005064        0x4 ./Middlewares/Third_Party/FreeRTOS/Source/portable/MemMang/heap_4.o
 *(COMMON)
                0x0000000020005068                . = ALIGN (0x4)
                0x0000000020005068                _ebss = .
                0x0000000020005068                __bss_end__ = _ebss

._user_heap_stack
                0x0000000020005068      0x600 load address 0x0000000008008704
                0x0000000020005068                . = ALIGN (0x8)
                [!provide]                        PROVIDE (end = .)
                0x0000000020005068                PROVIDE (_end = .)
                0x0000000020005268                . = (. + _Min_Heap_Size)
 *fill*         0x0000000020005068      0x200 
                0x0000000020005668                . = (. + _Min_Stack_Size)
 *fill*         0x0000000020005268      0x400 
                0x0000000020005668                . = ALIGN (0x8)

/DISCARD/
 libc.a(*)
 libm.a(*)
 libgcc.a(*)

.ARM.attributes
                0x0000000000000000       0x30
 *(.ARM.attributes)
 .ARM.attributes
                0x0000000000000000       0x1e d:/st/stm32cubeide_1.11.2/stm32cubeide/plugins/com.st.stm32cube.ide.mcu.externaltools.gnu-tools-for-stm32.10.3-2021.10.win32_1.0.100.202210260954/tools/bin/../lib/gcc/arm-none-eabi/10.3.1/thumb/v7e-m+fp/hard/crti.o
 .ARM.attributes
                0x000000000000001e       0x34 d:/st/stm32cubeide_1.11.2/stm32cubeide/plugins/com.st.stm32cube.ide.mcu.externaltools.gnu-tools-for-stm32.10.3-2021.10.win32_1.0.100.202210260954/tools/bin/../lib/gcc/arm-none-eabi/10.3.1/thumb/v7e-m+fp/hard/crtbegin.o
 .ARM.attributes
                0x0000000000000052       0x34 ./Application/Inc/servo_motor.o
 .ARM.attributes
                0x0000000000000086       0x34 ./Application/Inc/step_motor.o
 .ARM.attributes
                0x00000000000000ba       0x34 ./Core/Src/dma.o
 .ARM.attributes
                0x00000000000000ee       0x34 ./Core/Src/freertos.o
 .ARM.attributes
                0x0000000000000122       0x34 ./Core/Src/gpio.o
 .ARM.attributes
                0x0000000000000156       0x34 ./Core/Src/main.o
 .ARM.attributes
                0x000000000000018a       0x34 ./Core/Src/stm32f4xx_hal_msp.o
 .ARM.attributes
                0x00000000000001be       0x34 ./Core/Src/stm32f4xx_hal_timebase_tim.o
 .ARM.attributes
                0x00000000000001f2       0x34 ./Core/Src/stm32f4xx_it.o
 .ARM.attributes
                0x0000000000000226       0x34 ./Core/Src/system_stm32f4xx.o
 .ARM.attributes
                0x000000000000025a       0x34 ./Core/Src/tim.o
 .ARM.attributes
                0x000000000000028e       0x34 ./Core/Src/usart.o
 .ARM.attributes
                0x00000000000002c2       0x34 ./Core/Src/usb_otg.o
 .ARM.attributes
                0x00000000000002f6       0x21 ./Core/Startup/startup_stm32f411retx.o
 .ARM.attributes
                0x0000000000000317       0x34 ./Drivers/STM32F4xx_HAL_Driver/Src/stm32f4xx_hal.o
 .ARM.attributes
                0x000000000000034b       0x34 ./Drivers/STM32F4xx_HAL_Driver/Src/stm32f4xx_hal_cortex.o
 .ARM.attributes
                0x000000000000037f       0x34 ./Drivers/STM32F4xx_HAL_Driver/Src/stm32f4xx_hal_dma.o
 .ARM.attributes
                0x00000000000003b3       0x34 ./Drivers/STM32F4xx_HAL_Driver/Src/stm32f4xx_hal_gpio.o
 .ARM.attributes
                0x00000000000003e7       0x34 ./Drivers/STM32F4xx_HAL_Driver/Src/stm32f4xx_hal_pcd.o
 .ARM.attributes
                0x000000000000041b       0x34 ./Drivers/STM32F4xx_HAL_Driver/Src/stm32f4xx_hal_rcc.o
 .ARM.attributes
                0x000000000000044f       0x34 ./Drivers/STM32F4xx_HAL_Driver/Src/stm32f4xx_hal_tim.o
 .ARM.attributes
                0x0000000000000483       0x34 ./Drivers/STM32F4xx_HAL_Driver/Src/stm32f4xx_hal_tim_ex.o
 .ARM.attributes
                0x00000000000004b7       0x34 ./Drivers/STM32F4xx_HAL_Driver/Src/stm32f4xx_hal_uart.o
 .ARM.attributes
                0x00000000000004eb       0x34 ./Drivers/STM32F4xx_HAL_Driver/Src/stm32f4xx_ll_usb.o
 .ARM.attributes
                0x000000000000051f       0x34 ./Middlewares/Third_Party/FreeRTOS/Source/CMSIS_RTOS_V2/cmsis_os2.o
 .ARM.attributes
                0x0000000000000553       0x34 ./Middlewares/Third_Party/FreeRTOS/Source/list.o
 .ARM.attributes
                0x0000000000000587       0x34 ./Middlewares/Third_Party/FreeRTOS/Source/queue.o
 .ARM.attributes
                0x00000000000005bb       0x34 ./Middlewares/Third_Party/FreeRTOS/Source/tasks.o
 .ARM.attributes
                0x00000000000005ef       0x34 ./Middlewares/Third_Party/FreeRTOS/Source/timers.o
 .ARM.attributes
                0x0000000000000623       0x34 ./Middlewares/Third_Party/FreeRTOS/Source/portable/GCC/ARM_CM4F/port.o
 .ARM.attributes
                0x0000000000000657       0x34 ./Middlewares/Third_Party/FreeRTOS/Source/portable/MemMang/heap_4.o
 .ARM.attributes
                0x000000000000068b       0x34 d:/st/stm32cubeide_1.11.2/stm32cubeide/plugins/com.st.stm32cube.ide.mcu.externaltools.gnu-tools-for-stm32.10.3-2021.10.win32_1.0.100.202210260954/tools/bin/../lib/gcc/arm-none-eabi/10.3.1/../../../../arm-none-eabi/lib/thumb/v7e-m+fp/hard\libc_nano.a(lib_a-init.o)
 .ARM.attributes
                0x00000000000006bf       0x34 d:/st/stm32cubeide_1.11.2/stm32cubeide/plugins/com.st.stm32cube.ide.mcu.externaltools.gnu-tools-for-stm32.10.3-2021.10.win32_1.0.100.202210260954/tools/bin/../lib/gcc/arm-none-eabi/10.3.1/../../../../arm-none-eabi/lib/thumb/v7e-m+fp/hard\libc_nano.a(lib_a-memcpy-stub.o)
 .ARM.attributes
                0x00000000000006f3       0x34 d:/st/stm32cubeide_1.11.2/stm32cubeide/plugins/com.st.stm32cube.ide.mcu.externaltools.gnu-tools-for-stm32.10.3-2021.10.win32_1.0.100.202210260954/tools/bin/../lib/gcc/arm-none-eabi/10.3.1/../../../../arm-none-eabi/lib/thumb/v7e-m+fp/hard\libc_nano.a(lib_a-memset.o)
 .ARM.attributes
                0x0000000000000727       0x1e d:/st/stm32cubeide_1.11.2/stm32cubeide/plugins/com.st.stm32cube.ide.mcu.externaltools.gnu-tools-for-stm32.10.3-2021.10.win32_1.0.100.202210260954/tools/bin/../lib/gcc/arm-none-eabi/10.3.1/thumb/v7e-m+fp/hard\libgcc.a(_arm_addsubdf3.o)
 .ARM.attributes
                0x0000000000000745       0x1e d:/st/stm32cubeide_1.11.2/stm32cubeide/plugins/com.st.stm32cube.ide.mcu.externaltools.gnu-tools-for-stm32.10.3-2021.10.win32_1.0.100.202210260954/tools/bin/../lib/gcc/arm-none-eabi/10.3.1/thumb/v7e-m+fp/hard\libgcc.a(_arm_muldivdf3.o)
 .ARM.attributes
                0x0000000000000763       0x1e d:/st/stm32cubeide_1.11.2/stm32cubeide/plugins/com.st.stm32cube.ide.mcu.externaltools.gnu-tools-for-stm32.10.3-2021.10.win32_1.0.100.202210260954/tools/bin/../lib/gcc/arm-none-eabi/10.3.1/thumb/v7e-m+fp/hard\libgcc.a(_arm_fixdfsi.o)
 .ARM.attributes
                0x0000000000000781       0x1e d:/st/stm32cubeide_1.11.2/stm32cubeide/plugins/com.st.stm32cube.ide.mcu.externaltools.gnu-tools-for-stm32.10.3-2021.10.win32_1.0.100.202210260954/tools/bin/../lib/gcc/arm-none-eabi/10.3.1/thumb/v7e-m+fp/hard\libgcc.a(_aeabi_uldivmod.o)
 .ARM.attributes
                0x000000000000079f       0x34 d:/st/stm32cubeide_1.11.2/stm32cubeide/plugins/com.st.stm32cube.ide.mcu.externaltools.gnu-tools-for-stm32.10.3-2021.10.win32_1.0.100.202210260954/tools/bin/../lib/gcc/arm-none-eabi/10.3.1/thumb/v7e-m+fp/hard\libgcc.a(_udivmoddi4.o)
 .ARM.attributes
                0x00000000000007d3       0x1e d:/st/stm32cubeide_1.11.2/stm32cubeide/plugins/com.st.stm32cube.ide.mcu.externaltools.gnu-tools-for-stm32.10.3-2021.10.win32_1.0.100.202210260954/tools/bin/../lib/gcc/arm-none-eabi/10.3.1/thumb/v7e-m+fp/hard\libgcc.a(_dvmd_tls.o)
 .ARM.attributes
                0x00000000000007f1       0x1e d:/st/stm32cubeide_1.11.2/stm32cubeide/plugins/com.st.stm32cube.ide.mcu.externaltools.gnu-tools-for-stm32.10.3-2021.10.win32_1.0.100.202210260954/tools/bin/../lib/gcc/arm-none-eabi/10.3.1/thumb/v7e-m+fp/hard/crtn.o
OUTPUT(MM_sorter_embeded.elf elf32-littlearm)
LOAD linker stubs
LOAD d:/st/stm32cubeide_1.11.2/stm32cubeide/plugins/com.st.stm32cube.ide.mcu.externaltools.gnu-tools-for-stm32.10.3-2021.10.win32_1.0.100.202210260954/tools/bin/../lib/gcc/arm-none-eabi/10.3.1/../../../../arm-none-eabi/lib/thumb/v7e-m+fp/hard\libc.a
LOAD d:/st/stm32cubeide_1.11.2/stm32cubeide/plugins/com.st.stm32cube.ide.mcu.externaltools.gnu-tools-for-stm32.10.3-2021.10.win32_1.0.100.202210260954/tools/bin/../lib/gcc/arm-none-eabi/10.3.1/../../../../arm-none-eabi/lib/thumb/v7e-m+fp/hard\libm.a
LOAD d:/st/stm32cubeide_1.11.2/stm32cubeide/plugins/com.st.stm32cube.ide.mcu.externaltools.gnu-tools-for-stm32.10.3-2021.10.win32_1.0.100.202210260954/tools/bin/../lib/gcc/arm-none-eabi/10.3.1/thumb/v7e-m+fp/hard\libgcc.a

.debug_info     0x0000000000000000    0x1db27
 .debug_info    0x0000000000000000      0x71e ./Application/Inc/servo_motor.o
 .debug_info    0x000000000000071e      0x247 ./Application/Inc/step_motor.o
 .debug_info    0x0000000000000965      0x488 ./Core/Src/dma.o
 .debug_info    0x0000000000000ded      0x440 ./Core/Src/freertos.o
 .debug_info    0x000000000000122d      0x49d ./Core/Src/gpio.o
 .debug_info    0x00000000000016ca      0xe80 ./Core/Src/main.o
 .debug_info    0x000000000000254a      0x492 ./Core/Src/stm32f4xx_hal_msp.o
 .debug_info    0x00000000000029dc      0xbd0 ./Core/Src/stm32f4xx_hal_timebase_tim.o
 .debug_info    0x00000000000035ac      0x9cb ./Core/Src/stm32f4xx_it.o
 .debug_info    0x0000000000003f77      0x54f ./Core/Src/system_stm32f4xx.o
 .debug_info    0x00000000000044c6      0xd20 ./Core/Src/tim.o
 .debug_info    0x00000000000051e6      0xbe8 ./Core/Src/usart.o
 .debug_info    0x0000000000005dce      0x9c1 ./Core/Src/usb_otg.o
 .debug_info    0x000000000000678f       0x22 ./Core/Startup/startup_stm32f411retx.o
 .debug_info    0x00000000000067b1      0x90d ./Drivers/STM32F4xx_HAL_Driver/Src/stm32f4xx_hal.o
 .debug_info    0x00000000000070be      0xd8b ./Drivers/STM32F4xx_HAL_Driver/Src/stm32f4xx_hal_cortex.o
 .debug_info    0x0000000000007e49      0x947 ./Drivers/STM32F4xx_HAL_Driver/Src/stm32f4xx_hal_dma.o
 .debug_info    0x0000000000008790      0x78e ./Drivers/STM32F4xx_HAL_Driver/Src/stm32f4xx_hal_gpio.o
 .debug_info    0x0000000000008f1e     0x168d ./Drivers/STM32F4xx_HAL_Driver/Src/stm32f4xx_hal_pcd.o
 .debug_info    0x000000000000a5ab      0x98d ./Drivers/STM32F4xx_HAL_Driver/Src/stm32f4xx_hal_rcc.o
 .debug_info    0x000000000000af38     0x2bb6 ./Drivers/STM32F4xx_HAL_Driver/Src/stm32f4xx_hal_tim.o
 .debug_info    0x000000000000daee     0x15d8 ./Drivers/STM32F4xx_HAL_Driver/Src/stm32f4xx_hal_tim_ex.o
 .debug_info    0x000000000000f0c6     0x31b4 ./Drivers/STM32F4xx_HAL_Driver/Src/stm32f4xx_hal_uart.o
 .debug_info    0x000000000001227a     0x1a97 ./Drivers/STM32F4xx_HAL_Driver/Src/stm32f4xx_ll_usb.o
 .debug_info    0x0000000000013d11     0x3ba0 ./Middlewares/Third_Party/FreeRTOS/Source/CMSIS_RTOS_V2/cmsis_os2.o
 .debug_info    0x00000000000178b1      0x2d1 ./Middlewares/Third_Party/FreeRTOS/Source/list.o
 .debug_info    0x0000000000017b82     0x1cbf ./Middlewares/Third_Party/FreeRTOS/Source/queue.o
 .debug_info    0x0000000000019841     0x2362 ./Middlewares/Third_Party/FreeRTOS/Source/tasks.o
 .debug_info    0x000000000001bba3     0x1572 ./Middlewares/Third_Party/FreeRTOS/Source/timers.o
 .debug_info    0x000000000001d115      0x507 ./Middlewares/Third_Party/FreeRTOS/Source/portable/GCC/ARM_CM4F/port.o
 .debug_info    0x000000000001d61c      0x50b ./Middlewares/Third_Party/FreeRTOS/Source/portable/MemMang/heap_4.o

.debug_abbrev   0x0000000000000000     0x42d3
 .debug_abbrev  0x0000000000000000      0x1bb ./Application/Inc/servo_motor.o
 .debug_abbrev  0x00000000000001bb      0x165 ./Application/Inc/step_motor.o
 .debug_abbrev  0x0000000000000320      0x10a ./Core/Src/dma.o
 .debug_abbrev  0x000000000000042a      0x122 ./Core/Src/freertos.o
 .debug_abbrev  0x000000000000054c      0x146 ./Core/Src/gpio.o
 .debug_abbrev  0x0000000000000692      0x265 ./Core/Src/main.o
 .debug_abbrev  0x00000000000008f7      0x115 ./Core/Src/stm32f4xx_hal_msp.o
 .debug_abbrev  0x0000000000000a0c      0x1f7 ./Core/Src/stm32f4xx_hal_timebase_tim.o
 .debug_abbrev  0x0000000000000c03      0x189 ./Core/Src/stm32f4xx_it.o
 .debug_abbrev  0x0000000000000d8c      0x116 ./Core/Src/system_stm32f4xx.o
 .debug_abbrev  0x0000000000000ea2      0x229 ./Core/Src/tim.o
 .debug_abbrev  0x00000000000010cb      0x218 ./Core/Src/usart.o
 .debug_abbrev  0x00000000000012e3      0x206 ./Core/Src/usb_otg.o
 .debug_abbrev  0x00000000000014e9       0x12 ./Core/Startup/startup_stm32f411retx.o
 .debug_abbrev  0x00000000000014fb      0x23e ./Drivers/STM32F4xx_HAL_Driver/Src/stm32f4xx_hal.o
 .debug_abbrev  0x0000000000001739      0x316 ./Drivers/STM32F4xx_HAL_Driver/Src/stm32f4xx_hal_cortex.o
 .debug_abbrev  0x0000000000001a4f      0x21b ./Drivers/STM32F4xx_HAL_Driver/Src/stm32f4xx_hal_dma.o
 .debug_abbrev  0x0000000000001c6a      0x1c4 ./Drivers/STM32F4xx_HAL_Driver/Src/stm32f4xx_hal_gpio.o
 .debug_abbrev  0x0000000000001e2e      0x2bb ./Drivers/STM32F4xx_HAL_Driver/Src/stm32f4xx_hal_pcd.o
 .debug_abbrev  0x00000000000020e9      0x2aa ./Drivers/STM32F4xx_HAL_Driver/Src/stm32f4xx_hal_rcc.o
 .debug_abbrev  0x0000000000002393      0x26e ./Drivers/STM32F4xx_HAL_Driver/Src/stm32f4xx_hal_tim.o
 .debug_abbrev  0x0000000000002601      0x276 ./Drivers/STM32F4xx_HAL_Driver/Src/stm32f4xx_hal_tim_ex.o
 .debug_abbrev  0x0000000000002877      0x305 ./Drivers/STM32F4xx_HAL_Driver/Src/stm32f4xx_hal_uart.o
 .debug_abbrev  0x0000000000002b7c      0x296 ./Drivers/STM32F4xx_HAL_Driver/Src/stm32f4xx_ll_usb.o
 .debug_abbrev  0x0000000000002e12      0x500 ./Middlewares/Third_Party/FreeRTOS/Source/CMSIS_RTOS_V2/cmsis_os2.o
 .debug_abbrev  0x0000000000003312       0xf2 ./Middlewares/Third_Party/FreeRTOS/Source/list.o
 .debug_abbrev  0x0000000000003404      0x3a1 ./Middlewares/Third_Party/FreeRTOS/Source/queue.o
 .debug_abbrev  0x00000000000037a5      0x37d ./Middlewares/Third_Party/FreeRTOS/Source/tasks.o
 .debug_abbrev  0x0000000000003b22      0x346 ./Middlewares/Third_Party/FreeRTOS/Source/timers.o
 .debug_abbrev  0x0000000000003e68      0x259 ./Middlewares/Third_Party/FreeRTOS/Source/portable/GCC/ARM_CM4F/port.o
 .debug_abbrev  0x00000000000040c1      0x212 ./Middlewares/Third_Party/FreeRTOS/Source/portable/MemMang/heap_4.o

.debug_aranges  0x0000000000000000     0x1858
 .debug_aranges
                0x0000000000000000       0x28 ./Application/Inc/servo_motor.o
 .debug_aranges
                0x0000000000000028       0x28 ./Application/Inc/step_motor.o
 .debug_aranges
                0x0000000000000050       0x20 ./Core/Src/dma.o
 .debug_aranges
                0x0000000000000070       0x38 ./Core/Src/freertos.o
 .debug_aranges
                0x00000000000000a8       0x20 ./Core/Src/gpio.o
 .debug_aranges
                0x00000000000000c8       0x38 ./Core/Src/main.o
 .debug_aranges
                0x0000000000000100       0x20 ./Core/Src/stm32f4xx_hal_msp.o
 .debug_aranges
                0x0000000000000120       0x30 ./Core/Src/stm32f4xx_hal_timebase_tim.o
 .debug_aranges
                0x0000000000000150       0x60 ./Core/Src/stm32f4xx_it.o
 .debug_aranges
                0x00000000000001b0       0x28 ./Core/Src/system_stm32f4xx.o
 .debug_aranges
                0x00000000000001d8       0x48 ./Core/Src/tim.o
 .debug_aranges
                0x0000000000000220       0x30 ./Core/Src/usart.o
 .debug_aranges
                0x0000000000000250       0x30 ./Core/Src/usb_otg.o
 .debug_aranges
                0x0000000000000280       0x28 ./Core/Startup/startup_stm32f411retx.o
 .debug_aranges
                0x00000000000002a8       0xf0 ./Drivers/STM32F4xx_HAL_Driver/Src/stm32f4xx_hal.o
 .debug_aranges
                0x0000000000000398      0x118 ./Drivers/STM32F4xx_HAL_Driver/Src/stm32f4xx_hal_cortex.o
 .debug_aranges
                0x00000000000004b0       0x90 ./Drivers/STM32F4xx_HAL_Driver/Src/stm32f4xx_hal_dma.o
 .debug_aranges
                0x0000000000000540       0x58 ./Drivers/STM32F4xx_HAL_Driver/Src/stm32f4xx_hal_gpio.o
 .debug_aranges
                0x0000000000000598      0x148 ./Drivers/STM32F4xx_HAL_Driver/Src/stm32f4xx_hal_pcd.o
 .debug_aranges
                0x00000000000006e0       0x88 ./Drivers/STM32F4xx_HAL_Driver/Src/stm32f4xx_hal_rcc.o
 .debug_aranges
                0x0000000000000768      0x3d0 ./Drivers/STM32F4xx_HAL_Driver/Src/stm32f4xx_hal_tim.o
 .debug_aranges
                0x0000000000000b38      0x168 ./Drivers/STM32F4xx_HAL_Driver/Src/stm32f4xx_hal_tim_ex.o
 .debug_aranges
                0x0000000000000ca0      0x200 ./Drivers/STM32F4xx_HAL_Driver/Src/stm32f4xx_hal_uart.o
 .debug_aranges
                0x0000000000000ea0      0x1a0 ./Drivers/STM32F4xx_HAL_Driver/Src/stm32f4xx_ll_usb.o
 .debug_aranges
                0x0000000000001040      0x2b0 ./Middlewares/Third_Party/FreeRTOS/Source/CMSIS_RTOS_V2/cmsis_os2.o
 .debug_aranges
                0x00000000000012f0       0x40 ./Middlewares/Third_Party/FreeRTOS/Source/list.o
 .debug_aranges
                0x0000000000001330      0x158 ./Middlewares/Third_Party/FreeRTOS/Source/queue.o
 .debug_aranges
                0x0000000000001488      0x208 ./Middlewares/Third_Party/FreeRTOS/Source/tasks.o
 .debug_aranges
                0x0000000000001690       0xf0 ./Middlewares/Third_Party/FreeRTOS/Source/timers.o
 .debug_aranges
                0x0000000000001780       0x80 ./Middlewares/Third_Party/FreeRTOS/Source/portable/GCC/ARM_CM4F/port.o
 .debug_aranges
                0x0000000000001800       0x58 ./Middlewares/Third_Party/FreeRTOS/Source/portable/MemMang/heap_4.o

.debug_ranges   0x0000000000000000     0x16a0
 .debug_ranges  0x0000000000000000       0x18 ./Application/Inc/servo_motor.o
 .debug_ranges  0x0000000000000018       0x18 ./Application/Inc/step_motor.o
 .debug_ranges  0x0000000000000030       0x10 ./Core/Src/dma.o
 .debug_ranges  0x0000000000000040       0x28 ./Core/Src/freertos.o
 .debug_ranges  0x0000000000000068       0x10 ./Core/Src/gpio.o
 .debug_ranges  0x0000000000000078       0x28 ./Core/Src/main.o
 .debug_ranges  0x00000000000000a0       0x10 ./Core/Src/stm32f4xx_hal_msp.o
 .debug_ranges  0x00000000000000b0       0x20 ./Core/Src/stm32f4xx_hal_timebase_tim.o
 .debug_ranges  0x00000000000000d0       0x50 ./Core/Src/stm32f4xx_it.o
 .debug_ranges  0x0000000000000120       0x18 ./Core/Src/system_stm32f4xx.o
 .debug_ranges  0x0000000000000138       0x38 ./Core/Src/tim.o
 .debug_ranges  0x0000000000000170       0x20 ./Core/Src/usart.o
 .debug_ranges  0x0000000000000190       0x20 ./Core/Src/usb_otg.o
 .debug_ranges  0x00000000000001b0       0x20 ./Core/Startup/startup_stm32f411retx.o
 .debug_ranges  0x00000000000001d0       0xe0 ./Drivers/STM32F4xx_HAL_Driver/Src/stm32f4xx_hal.o
 .debug_ranges  0x00000000000002b0      0x108 ./Drivers/STM32F4xx_HAL_Driver/Src/stm32f4xx_hal_cortex.o
 .debug_ranges  0x00000000000003b8       0x80 ./Drivers/STM32F4xx_HAL_Driver/Src/stm32f4xx_hal_dma.o
 .debug_ranges  0x0000000000000438       0x48 ./Drivers/STM32F4xx_HAL_Driver/Src/stm32f4xx_hal_gpio.o
 .debug_ranges  0x0000000000000480      0x138 ./Drivers/STM32F4xx_HAL_Driver/Src/stm32f4xx_hal_pcd.o
 .debug_ranges  0x00000000000005b8       0x78 ./Drivers/STM32F4xx_HAL_Driver/Src/stm32f4xx_hal_rcc.o
 .debug_ranges  0x0000000000000630      0x3c0 ./Drivers/STM32F4xx_HAL_Driver/Src/stm32f4xx_hal_tim.o
 .debug_ranges  0x00000000000009f0      0x158 ./Drivers/STM32F4xx_HAL_Driver/Src/stm32f4xx_hal_tim_ex.o
 .debug_ranges  0x0000000000000b48      0x220 ./Drivers/STM32F4xx_HAL_Driver/Src/stm32f4xx_hal_uart.o
 .debug_ranges  0x0000000000000d68      0x190 ./Drivers/STM32F4xx_HAL_Driver/Src/stm32f4xx_ll_usb.o
 .debug_ranges  0x0000000000000ef8      0x2a0 ./Middlewares/Third_Party/FreeRTOS/Source/CMSIS_RTOS_V2/cmsis_os2.o
 .debug_ranges  0x0000000000001198       0x30 ./Middlewares/Third_Party/FreeRTOS/Source/list.o
 .debug_ranges  0x00000000000011c8      0x148 ./Middlewares/Third_Party/FreeRTOS/Source/queue.o
 .debug_ranges  0x0000000000001310      0x1f8 ./Middlewares/Third_Party/FreeRTOS/Source/tasks.o
 .debug_ranges  0x0000000000001508       0xe0 ./Middlewares/Third_Party/FreeRTOS/Source/timers.o
 .debug_ranges  0x00000000000015e8       0x70 ./Middlewares/Third_Party/FreeRTOS/Source/portable/GCC/ARM_CM4F/port.o
 .debug_ranges  0x0000000000001658       0x48 ./Middlewares/Third_Party/FreeRTOS/Source/portable/MemMang/heap_4.o

.debug_macro    0x0000000000000000    0x199ed
 .debug_macro   0x0000000000000000      0x27c ./Application/Inc/servo_motor.o
 .debug_macro   0x000000000000027c      0xa78 ./Application/Inc/servo_motor.o
 .debug_macro   0x0000000000000cf4      0x2a1 ./Application/Inc/servo_motor.o
 .debug_macro   0x0000000000000f95       0x2e ./Application/Inc/servo_motor.o
 .debug_macro   0x0000000000000fc3       0x28 ./Application/Inc/servo_motor.o
 .debug_macro   0x0000000000000feb       0x22 ./Application/Inc/servo_motor.o
 .debug_macro   0x000000000000100d       0x8e ./Application/Inc/servo_motor.o
 .debug_macro   0x000000000000109b       0x51 ./Application/Inc/servo_motor.o
 .debug_macro   0x00000000000010ec      0x103 ./Application/Inc/servo_motor.o
 .debug_macro   0x00000000000011ef       0x6a ./Application/Inc/servo_motor.o
 .debug_macro   0x0000000000001259      0x1df ./Application/Inc/servo_motor.o
 .debug_macro   0x0000000000001438       0x1c ./Application/Inc/servo_motor.o
 .debug_macro   0x0000000000001454       0x22 ./Application/Inc/servo_motor.o
 .debug_macro   0x0000000000001476       0xd9 ./Application/Inc/servo_motor.o
 .debug_macro   0x000000000000154f     0x102d ./Application/Inc/servo_motor.o
 .debug_macro   0x000000000000257c      0x11f ./Application/Inc/servo_motor.o
 .debug_macro   0x000000000000269b     0xb953 ./Application/Inc/servo_motor.o
 .debug_macro   0x000000000000dfee       0x6d ./Application/Inc/servo_motor.o
 .debug_macro   0x000000000000e05b     0x367e ./Application/Inc/servo_motor.o
 .debug_macro   0x00000000000116d9      0x174 ./Application/Inc/servo_motor.o
 .debug_macro   0x000000000001184d       0x5c ./Application/Inc/servo_motor.o
 .debug_macro   0x00000000000118a9      0x447 ./Application/Inc/servo_motor.o
 .debug_macro   0x0000000000011cf0      0x9fe ./Application/Inc/servo_motor.o
 .debug_macro   0x00000000000126ee      0x115 ./Application/Inc/servo_motor.o
 .debug_macro   0x0000000000012803      0x11b ./Application/Inc/servo_motor.o
 .debug_macro   0x000000000001291e       0xa5 ./Application/Inc/servo_motor.o
 .debug_macro   0x00000000000129c3      0x15f ./Application/Inc/servo_motor.o
 .debug_macro   0x0000000000012b22      0x287 ./Application/Inc/servo_motor.o
 .debug_macro   0x0000000000012da9       0x5f ./Application/Inc/servo_motor.o
 .debug_macro   0x0000000000012e08      0x236 ./Application/Inc/servo_motor.o
 .debug_macro   0x000000000001303e      0x132 ./Application/Inc/servo_motor.o
 .debug_macro   0x0000000000013170      0x264 ./Application/Inc/servo_motor.o
 .debug_macro   0x00000000000133d4       0x2e ./Application/Inc/servo_motor.o
 .debug_macro   0x0000000000013402      0x11a ./Application/Inc/servo_motor.o
 .debug_macro   0x000000000001351c       0x85 ./Application/Inc/servo_motor.o
 .debug_macro   0x00000000000135a1       0x89 ./Application/Inc/servo_motor.o
 .debug_macro   0x000000000001362a      0x8e6 ./Application/Inc/servo_motor.o
 .debug_macro   0x0000000000013f10       0x47 ./Application/Inc/servo_motor.o
 .debug_macro   0x0000000000013f57      0x295 ./Application/Inc/servo_motor.o
 .debug_macro   0x00000000000141ec      0x248 ./Application/Inc/servo_motor.o
 .debug_macro   0x0000000000014434       0xba ./Application/Inc/servo_motor.o
 .debug_macro   0x00000000000144ee      0x126 ./Application/Inc/servo_motor.o
 .debug_macro   0x0000000000014614      0x169 ./Application/Inc/servo_motor.o
 .debug_macro   0x000000000001477d      0x15a ./Application/Inc/servo_motor.o
 .debug_macro   0x00000000000148d7       0xc9 ./Application/Inc/servo_motor.o
 .debug_macro   0x00000000000149a0       0x1c ./Application/Inc/servo_motor.o
 .debug_macro   0x00000000000149bc       0x26 ./Application/Inc/servo_motor.o
 .debug_macro   0x00000000000149e2      0x4c5 ./Application/Inc/servo_motor.o
 .debug_macro   0x0000000000014ea7       0xb5 ./Application/Inc/servo_motor.o
 .debug_macro   0x0000000000014f5c       0xaa ./Application/Inc/servo_motor.o
 .debug_macro   0x0000000000015006      0x26e ./Application/Inc/step_motor.o
 .debug_macro   0x0000000000015274      0x206 ./Core/Src/dma.o
 .debug_macro   0x000000000001547a      0x290 ./Core/Src/freertos.o
 .debug_macro   0x000000000001570a      0x169 ./Core/Src/freertos.o
 .debug_macro   0x0000000000015873      0x4c5 ./Core/Src/freertos.o
 .debug_macro   0x0000000000015d38       0x6c ./Core/Src/freertos.o
 .debug_macro   0x0000000000015da4       0x74 ./Core/Src/freertos.o
 .debug_macro   0x0000000000015e18       0xdd ./Core/Src/freertos.o
 .debug_macro   0x0000000000015ef5      0x206 ./Core/Src/gpio.o
 .debug_macro   0x00000000000160fb      0x2d6 ./Core/Src/main.o
 .debug_macro   0x00000000000163d1       0x66 ./Core/Src/main.o
 .debug_macro   0x0000000000016437      0x1fc ./Core/Src/stm32f4xx_hal_msp.o
 .debug_macro   0x0000000000016633      0x1f2 ./Core/Src/stm32f4xx_hal_timebase_tim.o
 .debug_macro   0x0000000000016825      0x206 ./Core/Src/stm32f4xx_it.o
 .debug_macro   0x0000000000016a2b      0x1f2 ./Core/Src/system_stm32f4xx.o
 .debug_macro   0x0000000000016c1d      0x206 ./Core/Src/tim.o
 .debug_macro   0x0000000000016e23      0x206 ./Core/Src/usart.o
 .debug_macro   0x0000000000017029      0x206 ./Core/Src/usb_otg.o
 .debug_macro   0x000000000001722f      0x252 ./Drivers/STM32F4xx_HAL_Driver/Src/stm32f4xx_hal.o
 .debug_macro   0x0000000000017481      0x1f2 ./Drivers/STM32F4xx_HAL_Driver/Src/stm32f4xx_hal_cortex.o
 .debug_macro   0x0000000000017673      0x1f8 ./Drivers/STM32F4xx_HAL_Driver/Src/stm32f4xx_hal_dma.o
 .debug_macro   0x000000000001786b      0x1f8 ./Drivers/STM32F4xx_HAL_Driver/Src/stm32f4xx_hal_gpio.o
 .debug_macro   0x0000000000017a63      0x1fe ./Drivers/STM32F4xx_HAL_Driver/Src/stm32f4xx_hal_pcd.o
 .debug_macro   0x0000000000017c61      0x216 ./Drivers/STM32F4xx_HAL_Driver/Src/stm32f4xx_hal_rcc.o
 .debug_macro   0x0000000000017e77      0x1f3 ./Drivers/STM32F4xx_HAL_Driver/Src/stm32f4xx_hal_tim.o
 .debug_macro   0x000000000001806a      0x1f2 ./Drivers/STM32F4xx_HAL_Driver/Src/stm32f4xx_hal_tim_ex.o
 .debug_macro   0x000000000001825c      0x1f3 ./Drivers/STM32F4xx_HAL_Driver/Src/stm32f4xx_hal_uart.o
 .debug_macro   0x000000000001844f      0x1f2 ./Drivers/STM32F4xx_HAL_Driver/Src/stm32f4xx_ll_usb.o
 .debug_macro   0x0000000000018641      0x3e9 ./Middlewares/Third_Party/FreeRTOS/Source/CMSIS_RTOS_V2/cmsis_os2.o
 .debug_macro   0x0000000000018a2a       0x10 ./Middlewares/Third_Party/FreeRTOS/Source/CMSIS_RTOS_V2/cmsis_os2.o
 .debug_macro   0x0000000000018a3a       0x20 ./Middlewares/Third_Party/FreeRTOS/Source/CMSIS_RTOS_V2/cmsis_os2.o
 .debug_macro   0x0000000000018a5a       0x10 ./Middlewares/Third_Party/FreeRTOS/Source/CMSIS_RTOS_V2/cmsis_os2.o
 .debug_macro   0x0000000000018a6a       0xd3 ./Middlewares/Third_Party/FreeRTOS/Source/CMSIS_RTOS_V2/cmsis_os2.o
 .debug_macro   0x0000000000018b3d       0x91 ./Middlewares/Third_Party/FreeRTOS/Source/CMSIS_RTOS_V2/cmsis_os2.o
 .debug_macro   0x0000000000018bce       0x8d ./Middlewares/Third_Party/FreeRTOS/Source/CMSIS_RTOS_V2/cmsis_os2.o
 .debug_macro   0x0000000000018c5b       0x9a ./Middlewares/Third_Party/FreeRTOS/Source/CMSIS_RTOS_V2/cmsis_os2.o
 .debug_macro   0x0000000000018cf5       0x22 ./Middlewares/Third_Party/FreeRTOS/Source/CMSIS_RTOS_V2/cmsis_os2.o
 .debug_macro   0x0000000000018d17       0x56 ./Middlewares/Third_Party/FreeRTOS/Source/CMSIS_RTOS_V2/cmsis_os2.o
 .debug_macro   0x0000000000018d6d      0x187 ./Middlewares/Third_Party/FreeRTOS/Source/list.o
 .debug_macro   0x0000000000018ef4      0x216 ./Middlewares/Third_Party/FreeRTOS/Source/queue.o
 .debug_macro   0x000000000001910a       0x16 ./Middlewares/Third_Party/FreeRTOS/Source/queue.o
 .debug_macro   0x0000000000019120       0x87 ./Middlewares/Third_Party/FreeRTOS/Source/queue.o
 .debug_macro   0x00000000000191a7      0x27f ./Middlewares/Third_Party/FreeRTOS/Source/tasks.o
 .debug_macro   0x0000000000019426       0x10 ./Middlewares/Third_Party/FreeRTOS/Source/tasks.o
 .debug_macro   0x0000000000019436      0x1dc ./Middlewares/Third_Party/FreeRTOS/Source/timers.o